Archive member included because of file (symbol)

./gr_common/RLduino78/libraries/EEPROM/utility/pfdl.a(pfdl.o)
                              ./gr_common/RLduino78/libraries/EEPROM/utility/data_flash_util.o (PFDL_Open)
C:/Renesas/e2studio/GNURL78v14.03-ELF/rl78-elf/rl78-elf/lib\libstdc++.a(si_class_type_info.o)
                              ./gr_common/RLduino78/cores/HardwareSerial.o (vtable for __cxxabiv1::__si_class_type_info)
C:/Renesas/e2studio/GNURL78v14.03-ELF/rl78-elf/rl78-elf/lib\libstdc++.a(new_op.o)
                              ./gr_common/RLduino78/libraries/Ethernet/Ethernet.o (operator new(unsigned int))
C:/Renesas/e2studio/GNURL78v14.03-ELF/rl78-elf/rl78-elf/lib\libstdc++.a(eh_throw.o)
                              C:/Renesas/e2studio/GNURL78v14.03-ELF/rl78-elf/rl78-elf/lib\libstdc++.a(new_op.o) (__cxa_throw)
C:/Renesas/e2studio/GNURL78v14.03-ELF/rl78-elf/rl78-elf/lib\libstdc++.a(class_type_info.o)
                              C:/Renesas/e2studio/GNURL78v14.03-ELF/rl78-elf/rl78-elf/lib\libstdc++.a(si_class_type_info.o) (__cxxabiv1::__class_type_info::__do_upcast(__cxxabiv1::__class_type_info const*, void**) const)
C:/Renesas/e2studio/GNURL78v14.03-ELF/rl78-elf/rl78-elf/lib\libstdc++.a(eh_catch.o)
                              C:/Renesas/e2studio/GNURL78v14.03-ELF/rl78-elf/rl78-elf/lib\libstdc++.a(eh_throw.o) (__cxa_begin_catch)
C:/Renesas/e2studio/GNURL78v14.03-ELF/rl78-elf/rl78-elf/lib\libstdc++.a(del_op.o)
                              ./gr_common/RLduino78/libraries/Ethernet/Ethernet.o (operator delete(void*))
C:/Renesas/e2studio/GNURL78v14.03-ELF/rl78-elf/rl78-elf/lib\libstdc++.a(eh_terminate.o)
                              C:/Renesas/e2studio/GNURL78v14.03-ELF/rl78-elf/rl78-elf/lib\libstdc++.a(eh_throw.o) (__cxxabiv1::__terminate(void (*)()))
C:/Renesas/e2studio/GNURL78v14.03-ELF/rl78-elf/rl78-elf/lib\libstdc++.a(eh_personality.o)
                              ./gr_common/RLduino78/cores/Stream.o (__gxx_personality_sj0)
C:/Renesas/e2studio/GNURL78v14.03-ELF/rl78-elf/rl78-elf/lib\libstdc++.a(eh_alloc.o)
                              C:/Renesas/e2studio/GNURL78v14.03-ELF/rl78-elf/rl78-elf/lib\libstdc++.a(new_op.o) (__cxa_allocate_exception)
C:/Renesas/e2studio/GNURL78v14.03-ELF/rl78-elf/rl78-elf/lib\libstdc++.a(eh_unex_handler.o)
                              C:/Renesas/e2studio/GNURL78v14.03-ELF/rl78-elf/rl78-elf/lib\libstdc++.a(eh_throw.o) (__cxxabiv1::__unexpected_handler)
C:/Renesas/e2studio/GNURL78v14.03-ELF/rl78-elf/rl78-elf/lib\libstdc++.a(eh_exception.o)
                              C:/Renesas/e2studio/GNURL78v14.03-ELF/rl78-elf/rl78-elf/lib\libstdc++.a(eh_personality.o) (std::bad_exception::~bad_exception())
C:/Renesas/e2studio/GNURL78v14.03-ELF/rl78-elf/rl78-elf/lib\libstdc++.a(eh_call.o)
                              C:/Renesas/e2studio/GNURL78v14.03-ELF/rl78-elf/rl78-elf/lib\libstdc++.a(eh_personality.o) (__cxa_call_terminate)
C:/Renesas/e2studio/GNURL78v14.03-ELF/rl78-elf/rl78-elf/lib\libstdc++.a(tinfo.o)
                              C:/Renesas/e2studio/GNURL78v14.03-ELF/rl78-elf/rl78-elf/lib\libstdc++.a(class_type_info.o) (std::type_info::~type_info())
C:/Renesas/e2studio/GNURL78v14.03-ELF/rl78-elf/rl78-elf/lib\libstdc++.a(eh_term_handler.o)
                              C:/Renesas/e2studio/GNURL78v14.03-ELF/rl78-elf/rl78-elf/lib\libstdc++.a(eh_throw.o) (__cxxabiv1::__terminate_handler)
C:/Renesas/e2studio/GNURL78v14.03-ELF/rl78-elf/rl78-elf/lib\libstdc++.a(pure.o)
                              ./gr_common/RLduino78/cores/HardwareSerial.o (__cxa_pure_virtual)
C:/Renesas/e2studio/GNURL78v14.03-ELF/rl78-elf/rl78-elf/lib\libstdc++.a(bad_alloc.o)
                              C:/Renesas/e2studio/GNURL78v14.03-ELF/rl78-elf/rl78-elf/lib\libstdc++.a(new_op.o) (vtable for std::bad_alloc)
C:/Renesas/e2studio/GNURL78v14.03-ELF/rl78-elf/rl78-elf/lib\libstdc++.a(new_handler.o)
                              C:/Renesas/e2studio/GNURL78v14.03-ELF/rl78-elf/rl78-elf/lib\libstdc++.a(new_op.o) (__new_handler)
C:/Renesas/e2studio/GNURL78v14.03-ELF/rl78-elf/rl78-elf/lib\libstdc++.a(eh_globals.o)
                              C:/Renesas/e2studio/GNURL78v14.03-ELF/rl78-elf/rl78-elf/lib\libstdc++.a(eh_catch.o) (__cxa_get_globals_fast)
C:/Renesas/e2studio/GNURL78v14.03-ELF/rl78-elf/rl78-elf/lib\libnosys.a(write.o)
                              C:/Renesas/e2studio/GNURL78v14.03-ELF/rl78-elf/rl78-elf/lib\libstdc++.a(pure.o) (write)
C:/Renesas/e2studio/GNURL78v14.03-ELF/rl78-elf/rl78-elf/lib\libnosys.a(errno.o)
                              C:/Renesas/e2studio/GNURL78v14.03-ELF/rl78-elf/rl78-elf/lib\libnosys.a(write.o) (errno)
C:/Renesas/e2studio/GNURL78v14.03-ELF/rl78-elf/rl78-elf/lib\libm.a(lib_a-sf_fpclassify.o)
                              ./gr_common/RLduino78/cores/Print.o (__fpclassifyf)
C:/Renesas/e2studio/GNURL78v14.03-ELF/rl78-elf/rl78-elf/lib\libc.a(lib_a-atol.o)
                              ./gr_common/RLduino78/cores/WString.o (atol)
[...]
Memory Configuration

Name             Origin             Length             Attributes
VEC              0x00000000         0x00000002         r
IVEC             0x00000004         0x0000007c         r
OPT              0x000000c0         0x00000004         r
SECURITY_ID      0x000000c4         0x0000000a         r
ROM              0x000000d8         0x0003ff28         r
RAM              0x000faf00         0x00004fe0         w
STACK            0x000ffee0         0x00000002         w
*default*        0x00000000         0xffffffff

Linker script and memory map

LOAD ./gr_sketch.o
LOAD ./gr_common/RLduino78/cores/HardwareSerial.o
LOAD ./gr_common/RLduino78/cores/IPAddress.o
LOAD ./gr_common/RLduino78/cores/MsTimer2.o
LOAD ./gr_common/RLduino78/cores/Print.o
LOAD ./gr_common/RLduino78/cores/RLduino78_basic.o
LOAD ./gr_common/RLduino78/cores/RLduino78_main.o
LOAD ./gr_common/RLduino78/cores/RLduino78_RTC.o
LOAD ./gr_common/RLduino78/cores/Stream.o
LOAD ./gr_common/RLduino78/cores/WString.o
LOAD ./gr_common/RLduino78/libraries/AndroidAccessory/AndroidAccessory.o
LOAD ./gr_common/RLduino78/libraries/EEPROM/EEPROM.o
LOAD ./gr_common/RLduino78/libraries/Ethernet/Dhcp.o
LOAD ./gr_common/RLduino78/libraries/Ethernet/Dns.o
LOAD ./gr_common/RLduino78/libraries/Ethernet/Ethernet.o
LOAD ./gr_common/RLduino78/libraries/Ethernet/EthernetClient.o
LOAD ./gr_common/RLduino78/libraries/Ethernet/EthernetServer.o
LOAD ./gr_common/RLduino78/libraries/Ethernet/EthernetUdp.o
LOAD ./gr_common/RLduino78/libraries/Ethernet/Twitter.o
LOAD ./gr_common/RLduino78/libraries/Ethernet/utility/socket.o
LOAD ./gr_common/RLduino78/libraries/Ethernet/utility/w5100.o
LOAD ./gr_common/RLduino78/libraries/Ethernet/utility/w5200.o
LOAD ./gr_common/RLduino78/libraries/Ethernet/utility/w5500.o
LOAD ./gr_common/RLduino78/libraries/Firmata/Firmata.o
LOAD ./gr_common/RLduino78/libraries/LiquidCrystal/LiquidCrystal.o
LOAD ./gr_common/RLduino78/libraries/RTC/RTC.o
LOAD ./gr_common/RLduino78/libraries/SD/File.o
LOAD ./gr_common/RLduino78/libraries/SD/SD.o
LOAD ./gr_common/RLduino78/libraries/SD/utility/Sd2Card.o
LOAD ./gr_common/RLduino78/libraries/SD/utility/SdFile.o
LOAD ./gr_common/RLduino78/libraries/SD/utility/SdVolume.o
LOAD ./gr_common/RLduino78/libraries/Servo/Servo.o
LOAD ./gr_common/RLduino78/libraries/SPI/SPI.o
LOAD ./gr_common/RLduino78/libraries/Stepper/Stepper.o
LOAD ./gr_common/RLduino78/libraries/USB_Host_Shield/Max3421e.o
LOAD ./gr_common/RLduino78/libraries/USB_Host_Shield/Usb.o
LOAD ./gr_common/RLduino78/libraries/Wire/Wire.o
LOAD ./gr_common/RLduino78/portable/e2studio/RL78/exception_handler.o
LOAD ./gr_common/RLduino78/cores/RLduino78_timer.o
LOAD ./gr_common/RLduino78/libraries/EEPROM/utility/data_flash_util.o
LOAD ./gr_common/RLduino78/libraries/Wire/utility/twi.o
LOAD ./gr_common/RLduino78/portable/e2studio/RL78/interrupt_handlers.o
LOAD ./gr_common/RLduino78/portable/e2studio/RL78/vector_table.o
LOAD ./gr_common/RLduino78/portable/e2studio/RL78/reset_program.o
LOAD ./gr_common/RLduino78/libraries/EEPROM/utility/pfdl.a

.vec            0x00000000        0x2
 *(.vec)
 .vec           0x00000000        0x2 ./gr_common/RLduino78/portable/e2studio/RL78/reset_program.o

.ivec           0x00000004       0x7c
 *(.ivec)
 .ivec          0x00000004       0x7c ./gr_common/RLduino78/portable/e2studio/RL78/vector_table.o
                0x00000004                Vectors
 .ivec          0x00000080        0x0 ./gr_common/RLduino78/portable/e2studio/RL78/reset_program.o

.opt            0x000000c0        0x4
 *(.opt)
 .opt           0x000000c0        0x4 ./gr_common/RLduino78/portable/e2studio/RL78/vector_table.o
                0x000000c0                Option_Bytes

.security_id    0x000000c4        0xa
 *(.security_id)
 .security_id   0x000000c4        0xa ./gr_common/RLduino78/portable/e2studio/RL78/vector_table.o
                0x000000c4                Security_Id

.csstart        0x000000d8        0x4
 *(.csstart)
 .csstart       0x000000d8        0x4 ./gr_common/RLduino78/portable/e2studio/RL78/reset_program.o
                0x000000d8                _csstart

.lowtext        0x000000dc      0x3c8
 *(.plt)
 .plt           0x000000dc      0x3c8 ./gr_sketch.o
 *(.lowtext)

.data           0x000faf90      0x4a4 load address 0x000004a4
                0x000faf90                . = ALIGN (0x2)
                0x000faf90                PROVIDE (__datastart, .)
 *(.jcr)
 .jcr           0x000faf90        0x0 C:/Renesas/e2studio/GNURL78v14.03-ELF/rl78-elf/lib/gcc/rl78-elf/4.8-GNURL78_v14.03/crtbegin.o
 .jcr           0x000faf90        0x2 C:/Renesas/e2studio/GNURL78v14.03-ELF/rl78-elf/lib/gcc/rl78-elf/4.8-GNURL78_v14.03/crtend.o
 *(.data.rel.ro.local)
 *(.data.rel.ro*)
 *(.dynamic)
 *(.data D .data.* .gnu.linkonce.d.*)
 .data.min      0x000faf92        0x2 ./gr_sketch.o
                0x000faf92                min
 .data.led_blue
                0x000faf94        0x2 ./gr_sketch.o
                0x000faf94                led_blue
 .data.led_green
                0x000faf96        0x2 ./gr_sketch.o
                0x000faf96                led_green
 .data.led_red  0x000faf98        0x2 ./gr_sketch.o
                0x000faf98                led_red
 .data._ZL11g_u8TonePin
                0x000faf9a        0x1 ./gr_common/RLduino78/cores/RLduino78_basic.o
 *fill*         0x000faf9b        0x1 
 .data._ZN8SdVolume17cacheBlockNumber_E
                0x000faf9c        0x4 ./gr_common/RLduino78/libraries/SD/utility/SdVolume.o
                0x000faf9c                SdVolume::cacheBlockNumber_
 .data.g_servo_refresh_interval
                0x000fafa0        0x2 ./gr_common/RLduino78/libraries/Servo/Servo.o
                0x000fafa0                g_servo_refresh_interval
 .data          0x000fafa2        0x4 ./gr_common/RLduino78/portable/e2studio/RL78/reset_program.o
 .data._ZN10__cxxabiv120__unexpected_handlerE
                0x000fafa6        0x2 C:/Renesas/e2studio/GNURL78v14.03-ELF/rl78-elf/rl78-elf/lib\libstdc++.a(eh_unex_handler.o)
                0x000fafa6                __cxxabiv1::__unexpected_handler
 .data._ZN10__cxxabiv119__terminate_handlerE
                0x000fafa8        0x2 C:/Renesas/e2studio/GNURL78v14.03-ELF/rl78-elf/rl78-elf/lib\libstdc++.a(eh_term_handler.o)
                0x000fafa8                __cxxabiv1::__terminate_handler
 .data          0x000fafaa      0x22a C:/Renesas/e2studio/GNURL78v14.03-ELF/rl78-elf/rl78-elf/lib\libc.a(lib_a-mallocr.o)
                0x000fafaa                __malloc_current_mallinfo
                0x000fafbe                __malloc_max_total_mem
                0x000fafc2                __malloc_max_sbrked_mem
                0x000fafc6                __malloc_sbrk_base
                0x000fafc8                __malloc_top_pad
                0x000fafcc                __malloc_trim_threshold
                0x000fafd0                __malloc_av_
 .data          0x000fb1d4      0x260 C:/Renesas/e2studio/GNURL78v14.03-ELF/rl78-elf/rl78-elf/lib\libc.a(lib_a-impure.o)
                0x000fb1d4                _impure_ptr
 *reset_program.o(*.data)
 *(.gnu.linkonce.d.*personality*)
 *(.data1)
 *(.got.plt)
 *(.got)
                0x000fb434                . = ALIGN (0x2)
 *(.sdata .sdata.* .gnu.linkonce.s.* D_2 D_1)
                0x000fb434                . = ALIGN (0x2)
                0x000fb434                _edata = .
                0x000fb434                PROVIDE (edata, .)
                0x000fb434                PROVIDE (__dataend, .)
                0x000004a4                PROVIDE (__romdatastart, LOADADDR (.data))
                0x000004a4                PROVIDE (__romdatacopysize, SIZEOF (.data))

.tm_clone_table
                0x000fb434        0x0 load address 0x00000948
 .tm_clone_table
                0x000fb434        0x0 C:/Renesas/e2studio/GNURL78v14.03-ELF/rl78-elf/lib/gcc/rl78-elf/4.8-GNURL78_v14.03/crtbegin.o
 .tm_clone_table
                0x000fb434        0x0 C:/Renesas/e2studio/GNURL78v14.03-ELF/rl78-elf/lib/gcc/rl78-elf/4.8-GNURL78_v14.03/crtend.o

.bss            0x000fb434      0x878 load address 0x00000948
                0x000fb434                . = ALIGN (0x2)
                0x000fb434                PROVIDE (__bssstart, .)
 *(.dynbss)
 *(.sbss .sbss.*)
 *(.bss B B_2 B_1 .bss.* .gnu.linkonce.b.*)
 .bss.avg       0x000fb434        0x2 ./gr_sketch.o
                0x000fb434                avg
 .bss.cnt       0x000fb436        0x2 ./gr_sketch.o
                0x000fb436                cnt
 .bss.current   0x000fb438        0x2 ./gr_sketch.o
                0x000fb438                current
 .bss.max       0x000fb43a        0x2 ./gr_sketch.o
                0x000fb43a                max
 .bss.Serial2   0x000fb43c       0x12 ./gr_common/RLduino78/cores/HardwareSerial.o
                0x000fb43c                Serial2
 .bss.Serial1   0x000fb44e       0x12 ./gr_common/RLduino78/cores/HardwareSerial.o
                0x000fb44e                Serial1
 .bss.Serial    0x000fb460       0x12 ./gr_common/RLduino78/cores/HardwareSerial.o
                0x000fb460                Serial
 .bss.tx_buffer2
                0x000fb472       0x44 ./gr_common/RLduino78/cores/HardwareSerial.o
                0x000fb472                tx_buffer2
 .bss.rx_buffer2
                0x000fb4b6       0x44 ./gr_common/RLduino78/cores/HardwareSerial.o
                0x000fb4b6                rx_buffer2
 .bss.tx_buffer1
                0x000fb4fa       0x44 ./gr_common/RLduino78/cores/HardwareSerial.o
                0x000fb4fa                tx_buffer1
 .bss.rx_buffer1
                0x000fb53e       0x44 ./gr_common/RLduino78/cores/HardwareSerial.o
                0x000fb53e                rx_buffer1
 .bss.tx_buffer
                0x000fb582       0x44 ./gr_common/RLduino78/cores/HardwareSerial.o
                0x000fb582                tx_buffer
 .bss.rx_buffer
                0x000fb5c6       0x44 ./gr_common/RLduino78/cores/HardwareSerial.o
                0x000fb5c6                rx_buffer
 .bss._ZL11INADDR_NONE
                0x000fb60a        0x6 ./gr_common/RLduino78/cores/IPAddress.o
 .bss._ZL7g_SwPwm
                0x000fb610       0x18 ./gr_common/RLduino78/cores/RLduino78_basic.o
 .bss._ZL19g_u8SwPwmTicksCount
                0x000fb628        0x1 ./gr_common/RLduino78/cores/RLduino78_basic.o
 *fill*         0x000fb629        0x1 
 .bss._ZL20g_CyclicHandlerTable
                0x000fb62a       0x70 ./gr_common/RLduino78/cores/RLduino78_basic.o
 .bss._ZL22g_afInterruptFuncTable
                0x000fb69a        0x4 ./gr_common/RLduino78/cores/RLduino78_basic.o
 .bss._ZL23g_u32ToneInterruptCount
                0x000fb69e        0x4 ./gr_common/RLduino78/cores/RLduino78_basic.o
 .bss._ZL17g_u32ToneDuration
                0x000fb6a2        0x4 ./gr_common/RLduino78/cores/RLduino78_basic.o
 .bss._ZL14g_u8ToneToggle
                0x000fb6a6        0x1 ./gr_common/RLduino78/cores/RLduino78_basic.o
 .bss._ZL19g_bAdcInterruptFlag
                0x000fb6a7        0x1 ./gr_common/RLduino78/cores/RLduino78_basic.o
 .bss._ZL22g_u8OperationClockMode
                0x000fb6a8        0x1 ./gr_common/RLduino78/cores/RLduino78_basic.o
 .bss._ZL23g_u8PowerManagementMode
                0x000fb6a9        0x1 ./gr_common/RLduino78/cores/RLduino78_basic.o
 .bss._ZL29g_u8AnalogWriteAvailableTable
                0x000fb6aa       0x19 ./gr_common/RLduino78/cores/RLduino78_basic.o
 .bss.g_u8ResetFlag
                0x000fb6c3        0x1 ./gr_common/RLduino78/cores/RLduino78_main.o
                0x000fb6c3                g_u8ResetFlag
 .bss._ZL33g_fRTCConstantPeriodInterruptFunc
                0x000fb6c4        0x2 ./gr_common/RLduino78/cores/RLduino78_RTC.o
 .bss._ZL19g_fRTCInterruptFunc
                0x000fb6c6        0x2 ./gr_common/RLduino78/cores/RLduino78_RTC.o
 .bss._ZL11INADDR_NONE
                0x000fb6c8        0x6 ./gr_common/RLduino78/libraries/Ethernet/Dhcp.o
 .bss._ZL11INADDR_NONE
                0x000fb6ce        0x6 ./gr_common/RLduino78/libraries/Ethernet/Dns.o
 .bss.Ethernet  0x000fb6d4        0x8 ./gr_common/RLduino78/libraries/Ethernet/Ethernet.o
                0x000fb6d4                Ethernet
 .bss._ZL11INADDR_NONE
                0x000fb6dc        0x6 ./gr_common/RLduino78/libraries/Ethernet/Ethernet.o
 .bss._ZL11INADDR_NONE
                0x000fb6e2        0x6 ./gr_common/RLduino78/libraries/Ethernet/EthernetClient.o
 .bss._ZL11INADDR_NONE
                0x000fb6e8        0x6 ./gr_common/RLduino78/libraries/Ethernet/EthernetServer.o
 .bss._ZL11INADDR_NONE
                0x000fb6ee        0x6 ./gr_common/RLduino78/libraries/Ethernet/EthernetUdp.o
 .bss._ZL11INADDR_NONE
                0x000fb6f4        0x6 ./gr_common/RLduino78/libraries/Ethernet/Twitter.o
 .bss.Firmata   0x000fb6fa       0x3c ./gr_common/RLduino78/libraries/Firmata/Firmata.o
                0x000fb6fa                Firmata
 .bss.SD        0x000fb736       0x50 ./gr_common/RLduino78/libraries/SD/SD.o
                0x000fb736                SD
 .bss._ZN6SdFile9dateTime_E
                0x000fb786        0x2 ./gr_common/RLduino78/libraries/SD/utility/SdFile.o
                0x000fb786                SdFile::dateTime_
 .bss._ZN8SdVolume17cacheMirrorBlock_E
                0x000fb788        0x4 ./gr_common/RLduino78/libraries/SD/utility/SdVolume.o
                0x000fb788                SdVolume::cacheMirrorBlock_
 .bss._ZN8SdVolume11cacheDirty_E
                0x000fb78c        0x1 ./gr_common/RLduino78/libraries/SD/utility/SdVolume.o
                0x000fb78c                SdVolume::cacheDirty_
 *fill*         0x000fb78d        0x1 
 .bss._ZN8SdVolume7sdCard_E
                0x000fb78e        0x2 ./gr_common/RLduino78/libraries/SD/utility/SdVolume.o
                0x000fb78e                SdVolume::sdCard_
 .bss._ZN8SdVolume12cacheBuffer_E
                0x000fb790      0x206 ./gr_common/RLduino78/libraries/SD/utility/SdVolume.o
                0x000fb790                SdVolume::cacheBuffer_
 .bss.totalTicks
                0x000fb996        0x2 ./gr_common/RLduino78/libraries/Servo/Servo.o
                0x000fb996                totalTicks
 .bss.ServoCount
                0x000fb998        0x1 ./gr_common/RLduino78/libraries/Servo/Servo.o
                0x000fb998                ServoCount
 .bss._ZL7Channel
                0x000fb999        0x1 ./gr_common/RLduino78/libraries/Servo/Servo.o
 .bss._ZL6servos
                0x000fb99a       0x30 ./gr_common/RLduino78/libraries/Servo/Servo.o
 .bss.Wire      0x000fb9ca        0xc ./gr_common/RLduino78/libraries/Wire/Wire.o
                0x000fb9ca                Wire
 .bss._ZN7TwoWire12transmittingE
                0x000fb9d6        0x1 ./gr_common/RLduino78/libraries/Wire/Wire.o
                0x000fb9d6                TwoWire::transmitting
 .bss._ZN7TwoWire14txBufferLengthE
                0x000fb9d7        0x1 ./gr_common/RLduino78/libraries/Wire/Wire.o
                0x000fb9d7                TwoWire::txBufferLength
 .bss._ZN7TwoWire13txBufferIndexE
                0x000fb9d8        0x1 ./gr_common/RLduino78/libraries/Wire/Wire.o
                0x000fb9d8                TwoWire::txBufferIndex
 .bss._ZN7TwoWire8txBufferE
                0x000fb9d9       0x20 ./gr_common/RLduino78/libraries/Wire/Wire.o
                0x000fb9d9                TwoWire::txBuffer
 .bss._ZN7TwoWire14rxBufferLengthE
                0x000fb9f9        0x1 ./gr_common/RLduino78/libraries/Wire/Wire.o
                0x000fb9f9                TwoWire::rxBufferLength
 .bss._ZN7TwoWire13rxBufferIndexE
                0x000fb9fa        0x1 ./gr_common/RLduino78/libraries/Wire/Wire.o
                0x000fb9fa                TwoWire::rxBufferIndex
 .bss._ZN7TwoWire8rxBufferE
                0x000fb9fb       0x20 ./gr_common/RLduino78/libraries/Wire/Wire.o
                0x000fb9fb                TwoWire::rxBuffer
 *fill*         0x000fba1b        0x1 
 .bss.g_fITInterruptFunc
                0x000fba1c        0x2 ./gr_common/RLduino78/cores/RLduino78_timer.o
                0x000fba1c                g_fITInterruptFunc
 .bss.g_timer05_overflow_count
                0x000fba1e        0x4 ./gr_common/RLduino78/cores/RLduino78_timer.o
                0x000fba1e                g_timer05_overflow_count
 .bss.g_u32delay_timer
                0x000fba22        0x4 ./gr_common/RLduino78/cores/RLduino78_timer.o
                0x000fba22                g_u32delay_timer
 .bss.g_u32timer_millis
                0x000fba26        0x4 ./gr_common/RLduino78/cores/RLduino78_timer.o
                0x000fba26                g_u32timer_millis
 .bss.i2cSlaveReciver
                0x000fba2a        0x1 ./gr_common/RLduino78/libraries/Wire/utility/twi.o
 .bss.i2cStop   0x000fba2b        0x1 ./gr_common/RLduino78/libraries/Wire/utility/twi.o
 .bss.twi_error
                0x000fba2c        0x1 ./gr_common/RLduino78/libraries/Wire/utility/twi.o
 .bss.twi_rxBufferIndex
                0x000fba2d        0x1 ./gr_common/RLduino78/libraries/Wire/utility/twi.o
 .bss.twi_rxBuffer
                0x000fba2e       0x20 ./gr_common/RLduino78/libraries/Wire/utility/twi.o
 .bss.twi_txBufferLength
                0x000fba4e        0x1 ./gr_common/RLduino78/libraries/Wire/utility/twi.o
 .bss.twi_txBufferIndex
                0x000fba4f        0x1 ./gr_common/RLduino78/libraries/Wire/utility/twi.o
 .bss.twi_txBuffer
                0x000fba50       0x20 ./gr_common/RLduino78/libraries/Wire/utility/twi.o
 .bss.twi_masterBufferLength
                0x000fba70        0x1 ./gr_common/RLduino78/libraries/Wire/utility/twi.o
 .bss.twi_masterBufferIndex
                0x000fba71        0x1 ./gr_common/RLduino78/libraries/Wire/utility/twi.o
 .bss.twi_masterBuffer
                0x000fba72       0x20 ./gr_common/RLduino78/libraries/Wire/utility/twi.o
 .bss.twi_onSlaveReceive
                0x000fba92        0x2 ./gr_common/RLduino78/libraries/Wire/utility/twi.o
 .bss.twi_onSlaveTransmit
                0x000fba94        0x2 ./gr_common/RLduino78/libraries/Wire/utility/twi.o
 .bss.twi_inRepStart
                0x000fba96        0x1 ./gr_common/RLduino78/libraries/Wire/utility/twi.o
 .bss.twi_sendStop
                0x000fba97        0x1 ./gr_common/RLduino78/libraries/Wire/utility/twi.o
 .bss.twi_state
                0x000fba98        0x1 ./gr_common/RLduino78/libraries/Wire/utility/twi.o
 *fill*         0x000fba99        0x1 
 .bss.INT_TM_HOOK
                0x000fba9a        0x2 ./gr_common/RLduino78/portable/e2studio/RL78/interrupt_handlers.o
                0x000fba9a                INT_TM_HOOK
 .bss           0x000fba9c        0x0 ./gr_common/RLduino78/portable/e2studio/RL78/reset_program.o
 .bss           0x000fba9c        0x4 C:/Renesas/e2studio/GNURL78v14.03-ELF/rl78-elf/lib/gcc/rl78-elf/4.8-GNURL78_v14.03/crtbegin.o
 .bss._ZL14emergency_used
                0x000fbaa0        0x2 C:/Renesas/e2studio/GNURL78v14.03-ELF/rl78-elf/rl78-elf/lib\libstdc++.a(eh_alloc.o)
 .bss._ZL16emergency_buffer
                0x000fbaa2      0x200 C:/Renesas/e2studio/GNURL78v14.03-ELF/rl78-elf/rl78-elf/lib\libstdc++.a(eh_alloc.o)
 .bss._ZL10eh_globals
                0x000fbca2        0x4 C:/Renesas/e2studio/GNURL78v14.03-ELF/rl78-elf/rl78-elf/lib\libstdc++.a(eh_globals.o)
 .bss.fc_static
                0x000fbca6        0x2 C:/Renesas/e2studio/GNURL78v14.03-ELF/rl78-elf/lib/gcc/rl78-elf/4.8-GNURL78_v14.03\libgcc.a(unwind-sjlj.o)
 .bss           0x000fbca8        0x2 C:/Renesas/e2studio/GNURL78v14.03-ELF/rl78-elf/rl78-elf/lib\libnosys.a(sbrk.o)
 *reset_program.o(.bss)
                0x000fbcaa                . = ALIGN (0x2)
 *(COMMON)
 COMMON         0x000fbcaa        0x2 C:/Renesas/e2studio/GNURL78v14.03-ELF/rl78-elf/rl78-elf/lib\libnosys.a(errno.o)
                0x000fbcaa                errno
                0x000fbcac                . = ALIGN (0x2)
                0x000fbcac                PROVIDE (__bssend, .)
                0x000fbcac                _end = .
                0x000fbcac                PROVIDE (end, .)
                0x00000878                PROVIDE (__bsssize, SIZEOF (.bss))

.stack          0x000ffe00        0x0
                0x000ffe00                PROVIDE (__stack, .)
 *(.stack)

.rodata         0x00003000      0x4bc
                0x00003000                . = ALIGN (0x2)
 *(.plt)
 *(.rodata C C_2 C_1 .rodata.* .gnu.linkonce.r.*)
 .rodata        0x00003000        0x8 ./gr_sketch.o
 .rodata.PinTable
                0x00003008      0x15e ./gr_sketch.o
                0x00003008                PinTable
 .rodata._ZTI6Stream
                0x00003166        0x6 ./gr_common/RLduino78/cores/HardwareSerial.o
                0x00003166                typeinfo for Stream
 .rodata._ZTS6Stream
                0x0000316c        0x8 ./gr_common/RLduino78/cores/HardwareSerial.o
                0x0000316c                typeinfo name for Stream
 .rodata._ZTS14HardwareSerial
                0x00003174       0x11 ./gr_common/RLduino78/cores/HardwareSerial.o
                0x00003174                typeinfo name for HardwareSerial
 *fill*         0x00003185        0x1 
 .rodata._ZTI14HardwareSerial
                0x00003186        0x6 ./gr_common/RLduino78/cores/HardwareSerial.o
                0x00003186                typeinfo for HardwareSerial
 .rodata._ZTV14HardwareSerial
                0x0000318c       0x10 ./gr_common/RLduino78/cores/HardwareSerial.o
                0x0000318c                vtable for HardwareSerial
 .rodata._ZTI9Printable
                0x0000319c        0x4 ./gr_common/RLduino78/cores/IPAddress.o
                0x0000319c                typeinfo for Printable
 .rodata._ZTS9Printable
                0x000031a0        0xb ./gr_common/RLduino78/cores/IPAddress.o
                0x000031a0                typeinfo name for Printable
 .rodata._ZTS9IPAddress
                0x000031ab        0xb ./gr_common/RLduino78/cores/IPAddress.o
                0x000031ab                typeinfo name for IPAddress
 .rodata._ZTI9IPAddress
                0x000031b6        0x6 ./gr_common/RLduino78/cores/IPAddress.o
                0x000031b6                typeinfo for IPAddress
 .rodata._ZTV9IPAddress
                0x000031bc        0x6 ./gr_common/RLduino78/cores/IPAddress.o
                0x000031bc                vtable for IPAddress
 .rodata._ZTS5Print
                0x000031c2        0x7 ./gr_common/RLduino78/cores/Print.o
                0x000031c2                typeinfo name for Print
 *fill*         0x000031c9        0x1 
 .rodata._ZTI5Print
                0x000031ca        0x4 ./gr_common/RLduino78/cores/Print.o
                0x000031ca                typeinfo for Print
 .rodata._ZTS6SdFile
                0x000031ce        0x8 ./gr_common/RLduino78/libraries/SD/utility/SdFile.o
                0x000031ce                typeinfo name for SdFile
 .rodata._ZTI6SdFile
                0x000031d6        0x6 ./gr_common/RLduino78/libraries/SD/utility/SdFile.o
                0x000031d6                typeinfo for SdFile
 .rodata._ZTV6SdFile
                0x000031dc        0x8 ./gr_common/RLduino78/libraries/SD/utility/SdFile.o
                0x000031dc                vtable for SdFile
 .rodata._ZTS7TwoWire
                0x000031e4        0x9 ./gr_common/RLduino78/libraries/Wire/Wire.o
                0x000031e4                typeinfo name for TwoWire
 *fill*         0x000031ed        0x1 
 .rodata._ZTI7TwoWire
                0x000031ee        0x6 ./gr_common/RLduino78/libraries/Wire/Wire.o
                0x000031ee                typeinfo for TwoWire
 .rodata._ZTV7TwoWire
                0x000031f4       0x10 ./gr_common/RLduino78/libraries/Wire/Wire.o
                0x000031f4                vtable for TwoWire
 .rodata._ZTSN10__cxxabiv120__si_class_type_infoE
                0x00003204       0x25 C:/Renesas/e2studio/GNURL78v14.03-ELF/rl78-elf/rl78-elf/lib\libstdc++.a(si_class_type_info.o)
                0x00003204                typeinfo name for __cxxabiv1::__si_class_type_info
 *fill*         0x00003229        0x1 
 .rodata._ZTIN10__cxxabiv120__si_class_type_infoE
                0x0000322a        0x6 C:/Renesas/e2studio/GNURL78v14.03-ELF/rl78-elf/rl78-elf/lib\libstdc++.a(si_class_type_info.o)
                0x0000322a                typeinfo for __cxxabiv1::__si_class_type_info
 .rodata._ZTVN10__cxxabiv120__si_class_type_infoE
                0x00003230       0x16 C:/Renesas/e2studio/GNURL78v14.03-ELF/rl78-elf/rl78-elf/lib\libstdc++.a(si_class_type_info.o)
                0x00003230                vtable for __cxxabiv1::__si_class_type_info
 .rodata._ZTSN10__cxxabiv117__class_type_infoE
                0x00003246       0x22 C:/Renesas/e2studio/GNURL78v14.03-ELF/rl78-elf/rl78-elf/lib\libstdc++.a(class_type_info.o)
                0x00003246                typeinfo name for __cxxabiv1::__class_type_info
 .rodata._ZTIN10__cxxabiv117__class_type_infoE
                0x00003268        0x6 C:/Renesas/e2studio/GNURL78v14.03-ELF/rl78-elf/rl78-elf/lib\libstdc++.a(class_type_info.o)
                0x00003268                typeinfo for __cxxabiv1::__class_type_info
 .rodata._ZTVN10__cxxabiv117__class_type_infoE
                0x0000326e       0x16 C:/Renesas/e2studio/GNURL78v14.03-ELF/rl78-elf/rl78-elf/lib\libstdc++.a(class_type_info.o)
                0x0000326e                vtable for __cxxabiv1::__class_type_info
 .rodata        0x00003284       0x22 C:/Renesas/e2studio/GNURL78v14.03-ELF/rl78-elf/rl78-elf/lib\libstdc++.a(eh_exception.o)
 .rodata._ZTSSt9exception
                0x000032a6        0xd C:/Renesas/e2studio/GNURL78v14.03-ELF/rl78-elf/rl78-elf/lib\libstdc++.a(eh_exception.o)
                0x000032a6                typeinfo name for std::exception
 *fill*         0x000032b3        0x1 
 .rodata._ZTISt9exception
                0x000032b4        0x4 C:/Renesas/e2studio/GNURL78v14.03-ELF/rl78-elf/rl78-elf/lib\libstdc++.a(eh_exception.o)
                0x000032b4                typeinfo for std::exception
 .rodata._ZTSSt13bad_exception
                0x000032b8       0x12 C:/Renesas/e2studio/GNURL78v14.03-ELF/rl78-elf/rl78-elf/lib\libstdc++.a(eh_exception.o)
                0x000032b8                typeinfo name for std::bad_exception
 .rodata._ZTISt13bad_exception
                0x000032ca        0x6 C:/Renesas/e2studio/GNURL78v14.03-ELF/rl78-elf/rl78-elf/lib\libstdc++.a(eh_exception.o)
                0x000032ca                typeinfo for std::bad_exception
 .rodata._ZTSN10__cxxabiv115__forced_unwindE
                0x000032d0       0x20 C:/Renesas/e2studio/GNURL78v14.03-ELF/rl78-elf/rl78-elf/lib\libstdc++.a(eh_exception.o)
                0x000032d0                typeinfo name for __cxxabiv1::__forced_unwind
 .rodata._ZTIN10__cxxabiv115__forced_unwindE
                0x000032f0        0x4 C:/Renesas/e2studio/GNURL78v14.03-ELF/rl78-elf/rl78-elf/lib\libstdc++.a(eh_exception.o)
                0x000032f0                typeinfo for __cxxabiv1::__forced_unwind
 .rodata._ZTSN10__cxxabiv119__foreign_exceptionE
                0x000032f4       0x24 C:/Renesas/e2studio/GNURL78v14.03-ELF/rl78-elf/rl78-elf/lib\libstdc++.a(eh_exception.o)
                0x000032f4                typeinfo name for __cxxabiv1::__foreign_exception
 .rodata._ZTIN10__cxxabiv119__foreign_exceptionE
                0x00003318        0x4 C:/Renesas/e2studio/GNURL78v14.03-ELF/rl78-elf/rl78-elf/lib\libstdc++.a(eh_exception.o)
                0x00003318                typeinfo for __cxxabiv1::__foreign_exception
 .rodata._ZTVSt9exception
                0x0000331c        0xa C:/Renesas/e2studio/GNURL78v14.03-ELF/rl78-elf/rl78-elf/lib\libstdc++.a(eh_exception.o)
                0x0000331c                vtable for std::exception
 .rodata._ZTVSt13bad_exception
                0x00003326        0xa C:/Renesas/e2studio/GNURL78v14.03-ELF/rl78-elf/rl78-elf/lib\libstdc++.a(eh_exception.o)
                0x00003326                vtable for std::bad_exception
 .rodata._ZTSSt9type_info
                0x00003330        0xd C:/Renesas/e2studio/GNURL78v14.03-ELF/rl78-elf/rl78-elf/lib\libstdc++.a(tinfo.o)
                0x00003330                typeinfo name for std::type_info
 *fill*         0x0000333d        0x1 
 .rodata._ZTISt9type_info
                0x0000333e        0x4 C:/Renesas/e2studio/GNURL78v14.03-ELF/rl78-elf/rl78-elf/lib\libstdc++.a(tinfo.o)
                0x0000333e                typeinfo for std::type_info
 .rodata._ZTVSt9type_info
                0x00003342       0x10 C:/Renesas/e2studio/GNURL78v14.03-ELF/rl78-elf/rl78-elf/lib\libstdc++.a(tinfo.o)
                0x00003342                vtable for std::type_info
 .rodata        0x00003352        0x4 C:/Renesas/e2studio/GNURL78v14.03-ELF/rl78-elf/rl78-elf/lib\libc.a(lib_a-impure.o)
                0x00003352                _global_impure_ptr
 .rodata.__thenan_sf
                0x00003356        0xa C:/Renesas/e2studio/GNURL78v14.03-ELF/rl78-elf/lib/gcc/rl78-elf/4.8-GNURL78_v14.03\libgcc.a(_thenan_sf.o)
                0x00003356                __thenan_sf
 .rodata.__clz_tab
                0x00003360      0x100 C:/Renesas/e2studio/GNURL78v14.03-ELF/rl78-elf/lib/gcc/rl78-elf/4.8-GNURL78_v14.03\libgcc.a(_clz.o)
                0x00003360                __clz_tab
 *(.rodata1)
 *(.eh_frame_hdr)
 *(.eh_frame)
 *(.gcc_except_table)
 *(.gcc_except_table.*)
 .gcc_except_table._ZN10__cxxabiv111__terminateEPFvvE
                0x00003460       0x18 C:/Renesas/e2studio/GNURL78v14.03-ELF/rl78-elf/rl78-elf/lib\libstdc++.a(eh_terminate.o)
 .gcc_except_table.__gxx_personality_sj0
                0x00003478       0x10 C:/Renesas/e2studio/GNURL78v14.03-ELF/rl78-elf/rl78-elf/lib\libstdc++.a(eh_personality.o)
 .gcc_except_table.__cxa_call_unexpected
                0x00003488       0x10 C:/Renesas/e2studio/GNURL78v14.03-ELF/rl78-elf/rl78-elf/lib\libstdc++.a(eh_personality.o)
                0x00003498                PROVIDE (__preinit_array_start, .)
 *(.preinit_array)
                0x00003498                PROVIDE (__preinit_array_end, .)
                0x00003498                PROVIDE (__init_array_start, .)
 *(SORT(.init_array.*))
 *(.init_array)
                0x00003498                PROVIDE (__init_array_end, .)
                0x00003498                PROVIDE (__fini_array_start, .)
 *(.fini_array)
 *(SORT(.fini_array.*))
                0x00003498                PROVIDE (__fini_array_end, .)
                0x00003498        0x4 LONG 0x0
 *crtbegin*.o(.ctors)
 .ctors         0x0000349c        0x2 C:/Renesas/e2studio/GNURL78v14.03-ELF/rl78-elf/lib/gcc/rl78-elf/4.8-GNURL78_v14.03/crtbegin.o
 *(EXCLUDE_FILE(*crtend*.o) .ctors)
 .ctors         0x0000349e        0x2 ./gr_common/RLduino78/cores/HardwareSerial.o
 .ctors         0x000034a0        0x2 ./gr_common/RLduino78/cores/IPAddress.o
 .ctors         0x000034a2        0x2 ./gr_common/RLduino78/libraries/Ethernet/Dhcp.o
 .ctors         0x000034a4        0x2 ./gr_common/RLduino78/libraries/Ethernet/Dns.o
 .ctors         0x000034a6        0x2 ./gr_common/RLduino78/libraries/Ethernet/Ethernet.o
 .ctors         0x000034a8        0x2 ./gr_common/RLduino78/libraries/Ethernet/EthernetClient.o
 .ctors         0x000034aa        0x2 ./gr_common/RLduino78/libraries/Ethernet/EthernetServer.o
 .ctors         0x000034ac        0x2 ./gr_common/RLduino78/libraries/Ethernet/EthernetUdp.o
 .ctors         0x000034ae        0x2 ./gr_common/RLduino78/libraries/Ethernet/Twitter.o
 .ctors         0x000034b0        0x2 ./gr_common/RLduino78/libraries/Firmata/Firmata.o
 .ctors         0x000034b2        0x2 ./gr_common/RLduino78/libraries/SD/SD.o
 .ctors         0x000034b4        0x2 ./gr_common/RLduino78/libraries/Wire/Wire.o
 *(SORT(.ctors.*))
 *(.ctors)
 .ctors         0x000034b6        0x2 C:/Renesas/e2studio/GNURL78v14.03-ELF/rl78-elf/lib/gcc/rl78-elf/4.8-GNURL78_v14.03/crtend.o
 *crtbegin*.o(.dtors)
 .dtors         0x000034b8        0x2 C:/Renesas/e2studio/GNURL78v14.03-ELF/rl78-elf/lib/gcc/rl78-elf/4.8-GNURL78_v14.03/crtbegin.o
 *(EXCLUDE_FILE(*crtend*.o) .dtors)
 *(SORT(.dtors.*))
 *(.dtors)
 .dtors         0x000034ba        0x2 C:/Renesas/e2studio/GNURL78v14.03-ELF/rl78-elf/lib/gcc/rl78-elf/4.8-GNURL78_v14.03/crtend.o
                0x000034ba                __DTOR_END__

.text           0x000034bc     0x933e
                0x000034bc                PROVIDE (_start, .)
 *(.text P .stub .text.* .gnu.linkonce.t.*)
 .text._Z10inputClockb
                0x000034bc       0x7d ./gr_sketch.o
                0x000034bc                inputClock(bool)
 .text._Z9readTimerv
                0x00003539       0x4b ./gr_sketch.o
                0x00003539                readTimer()
 .text._Z7MyCyclem
                0x00003584        0xa ./gr_sketch.o
                0x00003584                MyCycle(unsigned long)
 .text.setup    0x0000358e      0x116 ./gr_sketch.o
                0x0000358e                setup
 .text.loop     0x000036a4      0x21a ./gr_sketch.o
                0x000036a4                loop
 .text._ZN14HardwareSerial9availableEv
                0x000038be       0x25 ./gr_common/RLduino78/cores/HardwareSerial.o
                0x000038be                HardwareSerial::available()
 .text._ZN14HardwareSerial4peekEv
                0x000038e3       0x3d ./gr_common/RLduino78/cores/HardwareSerial.o
                0x000038e3                HardwareSerial::peek()
 .text._ZN14HardwareSerial4readEv
                0x00003920       0x53 ./gr_common/RLduino78/cores/HardwareSerial.o
                0x00003920                HardwareSerial::read()
 .text._ZN14HardwareSerial5writeEh
                0x00003973      0x120 ./gr_common/RLduino78/cores/HardwareSerial.o
                0x00003973                HardwareSerial::write(unsigned char)
 .text._ZN14HardwareSerial5flushEv
                0x00003a93       0x94 ./gr_common/RLduino78/cores/HardwareSerial.o
                0x00003a93                HardwareSerial::flush()
 .text._Z10store_charhP11ring_buffer
                0x00003b27       0x3e ./gr_common/RLduino78/cores/HardwareSerial.o
                0x00003b27                store_char(unsigned char, ring_buffer*)
 .text.uart_rx_interrupt
                0x00003b65       0x13 ./gr_common/RLduino78/cores/HardwareSerial.o
                0x00003b65                uart_rx_interrupt
 .text.uart1_rx_interrupt
                0x00003b78       0x13 ./gr_common/RLduino78/cores/HardwareSerial.o
                0x00003b78                uart1_rx_interrupt
 .text.uart2_rx_interrupt
                0x00003b8b       0x13 ./gr_common/RLduino78/cores/HardwareSerial.o
                0x00003b8b                uart2_rx_interrupt
 .text.uart_tx_interrupt
                0x00003b9e       0x33 ./gr_common/RLduino78/cores/HardwareSerial.o
                0x00003b9e                uart_tx_interrupt
 .text.uart1_tx_interrupt
                0x00003bd1       0x33 ./gr_common/RLduino78/cores/HardwareSerial.o
                0x00003bd1                uart1_tx_interrupt
 .text.uart2_tx_interrupt
                0x00003c04       0x33 ./gr_common/RLduino78/cores/HardwareSerial.o
                0x00003c04                uart2_tx_interrupt
 .text.uart_error_interrupt
                0x00003c37        0xa ./gr_common/RLduino78/cores/HardwareSerial.o
                0x00003c37                uart_error_interrupt
 .text.uart1_error_interrupt
                0x00003c41        0xa ./gr_common/RLduino78/cores/HardwareSerial.o
                0x00003c41                uart1_error_interrupt
 .text.uart2_error_interrupt
                0x00003c4b        0xa ./gr_common/RLduino78/cores/HardwareSerial.o
                0x00003c4b                uart2_error_interrupt
 .text._ZN14HardwareSerial10uart_init1Ev
                0x00003c55      0x108 ./gr_common/RLduino78/cores/HardwareSerial.o
                0x00003c55                HardwareSerial::uart_init1()
 .text._ZN14HardwareSerial10uart_init2Ev
                0x00003d5d       0xf6 ./gr_common/RLduino78/cores/HardwareSerial.o
                0x00003d5d                HardwareSerial::uart_init2()
 .text._ZN14HardwareSerial5beginEm
                0x00003e53      0x1a3 ./gr_common/RLduino78/cores/HardwareSerial.o
                0x00003e53                HardwareSerial::begin(unsigned long)
 .text.startup._GLOBAL__sub_I_rx_buffer
                0x00003ff6       0x80 ./gr_common/RLduino78/cores/HardwareSerial.o
 .text._ZNK9IPAddress7printToER5Print
                0x00004076       0x7f ./gr_common/RLduino78/cores/IPAddress.o
                0x00004076                IPAddress::printTo(Print&) const
 .text._ZN9IPAddressC2Ev
                0x000040f5       0x26 ./gr_common/RLduino78/cores/IPAddress.o
                0x000040f5                IPAddress::IPAddress()
                0x000040f5                IPAddress::IPAddress()
 .text._ZN9IPAddressC2Ehhhh
                0x0000411b       0x25 ./gr_common/RLduino78/cores/IPAddress.o
                0x0000411b                IPAddress::IPAddress(unsigned char, unsigned char, unsigned char, unsigned char)
                0x0000411b                IPAddress::IPAddress(unsigned char, unsigned char, unsigned char, unsigned char)
 .text.startup._GLOBAL__sub_I__ZN9IPAddressC2Ev
                0x00004140       0x1a ./gr_common/RLduino78/cores/IPAddress.o
 .text._ZN5Print5writeEPKhj
                0x0000415a       0x5a ./gr_common/RLduino78/cores/Print.o
                0x0000415a                Print::write(unsigned char const*, unsigned int)
 .text._ZN5Print5writeEPKc
                0x000041b4       0x49 ./gr_common/RLduino78/cores/Print.o
                0x000041b4                Print::write(char const*)
 .text._ZN5Print5printEPKc
                0x000041fd       0x11 ./gr_common/RLduino78/cores/Print.o
                0x000041fd                Print::print(char const*)
 .text._ZN5Print5printEc
                0x0000420e       0x25 ./gr_common/RLduino78/cores/Print.o
                0x0000420e                Print::print(char)
 .text._ZN5Print7printlnEv
                0x00004233       0x35 ./gr_common/RLduino78/cores/Print.o
                0x00004233                Print::println()
 .text._ZN5Print7printlnEPKc
                0x00004268       0x31 ./gr_common/RLduino78/cores/Print.o
                0x00004268                Print::println(char const*)
 .text._ZN5Print11printNumberEmh
                0x00004299       0xc7 ./gr_common/RLduino78/cores/Print.o
                0x00004299                Print::printNumber(unsigned long, unsigned char)
 .text._ZN5Print5printEli
                0x00004360       0xd3 ./gr_common/RLduino78/cores/Print.o
                0x00004360                Print::print(long, int)
 .text._ZN5Print5printEii
                0x00004433       0x1f ./gr_common/RLduino78/cores/Print.o
                0x00004433                Print::print(int, int)
 .text._ZN5Print5printEmi
                0x00004452       0x5e ./gr_common/RLduino78/cores/Print.o
                0x00004452                Print::print(unsigned long, int)
 .text._ZN5Print5printEhi
                0x000044b0       0x1e ./gr_common/RLduino78/cores/Print.o
                0x000044b0                Print::print(unsigned char, int)
 .text._ZN5Print5printEji
                0x000044ce       0x1b ./gr_common/RLduino78/cores/Print.o
                0x000044ce                Print::print(unsigned int, int)
 .text._ZN5Print7printlnEji
                0x000044e9       0x35 ./gr_common/RLduino78/cores/Print.o
                0x000044e9                Print::println(unsigned int, int)
 .text._ZL24enterPowerManagementModem
                0x0000451e       0xd7 ./gr_common/RLduino78/cores/RLduino78_basic.o
 .text._Z20initArduinoFrameworkv
                0x000045f5        0x5 ./gr_common/RLduino78/cores/RLduino78_basic.o
                0x000045f5                initArduinoFramework()
 .text._Z26attachIntervalTimerHandlerPFvmE
                0x000045fa        0x6 ./gr_common/RLduino78/cores/RLduino78_basic.o
                0x000045fa                attachIntervalTimerHandler(void (*)(unsigned long))
 .text.millis   0x00004600       0x20 ./gr_common/RLduino78/cores/RLduino78_basic.o
                0x00004600                millis
 .text._Z17execCyclicHandlerv
                0x00004620       0xb5 ./gr_common/RLduino78/cores/RLduino78_basic.o
                0x00004620                execCyclicHandler()
 .text.micros   0x000046d5      0x1fd ./gr_common/RLduino78/cores/RLduino78_basic.o
                0x000046d5                micros
 .text.delay    0x000048d2       0x75 ./gr_common/RLduino78/cores/RLduino78_basic.o
                0x000048d2                delay
 .text.external_interrupt_0
                0x00004947       0x13 ./gr_common/RLduino78/cores/RLduino78_basic.o
                0x00004947                external_interrupt_0
 .text.external_interrupt_1
                0x0000495a       0x13 ./gr_common/RLduino78/cores/RLduino78_basic.o
                0x0000495a                external_interrupt_1
 .text.adc_interrupt
                0x0000496d        0x4 ./gr_common/RLduino78/cores/RLduino78_basic.o
                0x0000496d                adc_interrupt
 .text.tm05_interrupt
                0x00004971       0x26 ./gr_common/RLduino78/cores/RLduino78_basic.o
                0x00004971                tm05_interrupt
 .text.tm06_interrupt
                0x00004997       0x98 ./gr_common/RLduino78/cores/RLduino78_basic.o
                0x00004997                tm06_interrupt
 .text.digitalWrite
                0x00004a2f       0x56 ./gr_common/RLduino78/cores/RLduino78_basic.o
                0x00004a2f                digitalWrite
 .text._Z10_startTAU0t
                0x00004a85       0x1d ./gr_common/RLduino78/cores/RLduino78_basic.o
                0x00004a85                _startTAU0(unsigned short)
 .text._Z9_stopTAU0v
                0x00004aa2       0x20 ./gr_common/RLduino78/cores/RLduino78_basic.o
                0x00004aa2                _stopTAU0()
 .text._Z18_startTimerChannelhttbb
                0x00004ac2      0x22b ./gr_common/RLduino78/cores/RLduino78_basic.o
                0x00004ac2                _startTimerChannel(unsigned char, unsigned short, unsigned short, bool, bool)
 .text._Z17_stopTimerChannelh
                0x00004ced      0x105 ./gr_common/RLduino78/cores/RLduino78_basic.o
                0x00004ced                _stopTimerChannel(unsigned char)
 .text.pinMode  0x00004df2      0x26f ./gr_common/RLduino78/cores/RLduino78_basic.o
                0x00004df2                pinMode
 .text._Z11outputClockhm
                0x00005061      0x11c ./gr_common/RLduino78/cores/RLduino78_basic.o
                0x00005061                outputClock(unsigned char, unsigned long)
 .text._Z6noToneh
                0x0000517d       0x2b ./gr_common/RLduino78/cores/RLduino78_basic.o
                0x0000517d                noTone(unsigned char)
 .text.tone_interrupt
                0x000051a8       0x78 ./gr_common/RLduino78/cores/RLduino78_basic.o
                0x000051a8                tone_interrupt
 .text.HardwareSetup
                0x00005220       0x1d ./gr_common/RLduino78/cores/RLduino78_main.o
                0x00005220                HardwareSetup
 .text.startup.main
                0x0000523d       0x24 ./gr_common/RLduino78/cores/RLduino78_main.o
                0x0000523d                main
 .text.abort    0x00005261        0x4 ./gr_common/RLduino78/cores/RLduino78_main.o
                0x00005261                exit
                0x00005261                abort
 .text.rtc_interrupt
                0x00005265       0x4b ./gr_common/RLduino78/cores/RLduino78_RTC.o
                0x00005265                rtc_interrupt
 .text.startup._GLOBAL__sub_I__ZN9DhcpClass13beginWithDHCPEPhmm
                0x000052b0       0x1a ./gr_common/RLduino78/libraries/Ethernet/Dhcp.o
 .text.startup._GLOBAL__sub_I__ZN9DNSClient5beginERK9IPAddress
                0x000052ca       0x1a ./gr_common/RLduino78/libraries/Ethernet/Dns.o
 .text.startup._GLOBAL__sub_I__ZN13EthernetClass6_stateE
                0x000052e4       0x23 ./gr_common/RLduino78/libraries/Ethernet/Ethernet.o
 .text.startup._GLOBAL__sub_I__ZN14EthernetClient8_srcportE
                0x00005307       0x1a ./gr_common/RLduino78/libraries/Ethernet/EthernetClient.o
 .text.startup._GLOBAL__sub_I__ZN14EthernetServerC2Et
                0x00005321       0x1a ./gr_common/RLduino78/libraries/Ethernet/EthernetServer.o
 .text.startup._GLOBAL__sub_I__ZN11EthernetUDPC2Ev
                0x0000533b       0x1a ./gr_common/RLduino78/libraries/Ethernet/EthernetUdp.o
 .text.startup._GLOBAL__sub_I__ZN7TwitterC2EPKc
                0x00005355       0x1a ./gr_common/RLduino78/libraries/Ethernet/Twitter.o
 .text._ZN12FirmataClass11systemResetEv
                0x0000536f       0x4f ./gr_common/RLduino78/libraries/Firmata/Firmata.o
                0x0000536f                FirmataClass::systemReset()
 .text.startup._GLOBAL__sub_I__ZN12FirmataClass23sendValueAsTwo7bitBytesEi
                0x000053be       0x21 ./gr_common/RLduino78/libraries/Firmata/Firmata.o
 .text.startup._GLOBAL__sub_I__Z20getNextPathComponentPcPjS_
                0x000053df       0x30 ./gr_common/RLduino78/libraries/SD/SD.o
 .text._ZL7spiSendh
                0x0000540f       0x18 ./gr_common/RLduino78/libraries/SD/utility/Sd2Card.o
 .text._ZL6spiRecv
                0x00005427       0x12 ./gr_common/RLduino78/libraries/SD/utility/Sd2Card.o
 .text._ZN7Sd2Card14chipSelectHighEv
                0x00005439       0x16 ./gr_common/RLduino78/libraries/SD/utility/Sd2Card.o
                0x00005439                Sd2Card::chipSelectHigh()
 .text._ZN7Sd2Card13chipSelectLowEv
                0x0000544f       0x16 ./gr_common/RLduino78/libraries/SD/utility/Sd2Card.o
                0x0000544f                Sd2Card::chipSelectLow()
 .text._ZN7Sd2Card7readEndEv
                0x00005465       0x6f ./gr_common/RLduino78/libraries/SD/utility/Sd2Card.o
                0x00005465                Sd2Card::readEnd()
 .text._ZN7Sd2Card11waitNotBusyEt
                0x000054d4       0x3c ./gr_common/RLduino78/libraries/SD/utility/Sd2Card.o
                0x000054d4                Sd2Card::waitNotBusy(unsigned short)
 .text._ZN7Sd2Card11cardCommandEhm
                0x00005510       0xe5 ./gr_common/RLduino78/libraries/SD/utility/Sd2Card.o
                0x00005510                Sd2Card::cardCommand(unsigned char, unsigned long)
 .text._ZN7Sd2Card14waitStartBlockEv
                0x000055f5       0x6a ./gr_common/RLduino78/libraries/SD/utility/Sd2Card.o
                0x000055f5                Sd2Card::waitStartBlock()
 .text._ZN7Sd2Card8readDataEmttPh
                0x0000565f      0x1aa ./gr_common/RLduino78/libraries/SD/utility/Sd2Card.o
                0x0000565f                Sd2Card::readData(unsigned long, unsigned short, unsigned short, unsigned char*)
 .text._ZN7Sd2Card9readBlockEmPh
                0x00005809       0x21 ./gr_common/RLduino78/libraries/SD/utility/Sd2Card.o
                0x00005809                Sd2Card::readBlock(unsigned long, unsigned char*)
 .text._ZN7Sd2Card9writeDataEhPKh
                0x0000582a       0xb0 ./gr_common/RLduino78/libraries/SD/utility/Sd2Card.o
                0x0000582a                Sd2Card::writeData(unsigned char, unsigned char const*)
 .text._ZN7Sd2Card10writeBlockEmPKh
                0x000058da       0xf3 ./gr_common/RLduino78/libraries/SD/utility/Sd2Card.o
                0x000058da                Sd2Card::writeBlock(unsigned long, unsigned char const*)
 .text._ZN6SdFile10addClusterEv
                0x000059cd       0x5e ./gr_common/RLduino78/libraries/SD/utility/SdFile.o
                0x000059cd                SdFile::addCluster()
 .text._ZN6SdFile13cacheDirEntryEh
                0x00005a2b       0x45 ./gr_common/RLduino78/libraries/SD/utility/SdFile.o
                0x00005a2b                SdFile::cacheDirEntry(unsigned char)
 .text._ZN6SdFile7seekSetEm
                0x00005a70      0x1be ./gr_common/RLduino78/libraries/SD/utility/SdFile.o
                0x00005a70                SdFile::seekSet(unsigned long)
 .text._ZN6SdFile4syncEv
                0x00005c2e       0xc4 ./gr_common/RLduino78/libraries/SD/utility/SdFile.o
                0x00005c2e                SdFile::sync()
 .text._ZN6SdFile5writeEPKvt
                0x00005cf2      0x411 ./gr_common/RLduino78/libraries/SD/utility/SdFile.o
                0x00005cf2                SdFile::write(void const*, unsigned short)
 .text._ZN6SdFile5writeEh
                0x00006103       0x1a ./gr_common/RLduino78/libraries/SD/utility/SdFile.o
                0x00006103                SdFile::write(unsigned char)
 .text._ZN8SdVolume10cacheFlushEv
                0x0000611d       0x81 ./gr_common/RLduino78/libraries/SD/utility/SdVolume.o
                0x0000611d                SdVolume::cacheFlush()
 .text._ZN8SdVolume13cacheRawBlockEmh
                0x0000619e       0x72 ./gr_common/RLduino78/libraries/SD/utility/SdVolume.o
                0x0000619e                SdVolume::cacheRawBlock(unsigned long, unsigned char)
 .text._ZNK8SdVolume6fatGetEmPm
                0x00006210      0x165 ./gr_common/RLduino78/libraries/SD/utility/SdVolume.o
                0x00006210                SdVolume::fatGet(unsigned long, unsigned long*) const
 .text._ZN8SdVolume6fatPutEmm
                0x00006375      0x169 ./gr_common/RLduino78/libraries/SD/utility/SdVolume.o
                0x00006375                SdVolume::fatPut(unsigned long, unsigned long)
 .text._ZN8SdVolume15allocContiguousEmPm
                0x000064de      0x28f ./gr_common/RLduino78/libraries/SD/utility/SdVolume.o
                0x000064de                SdVolume::allocContiguous(unsigned long, unsigned long*)
 .text._ZL17handle_interrupts18timer16_Sequence_t.constprop.0
                0x0000676d      0x197 ./gr_common/RLduino78/libraries/Servo/Servo.o
 .text.servo_interrupt
                0x00006904        0x5 ./gr_common/RLduino78/libraries/Servo/Servo.o
                0x00006904                servo_interrupt
 .text._ZN7TwoWire9availableEv
                0x00006909       0x17 ./gr_common/RLduino78/libraries/Wire/Wire.o
                0x00006909                TwoWire::available()
 .text._ZN7TwoWire4readEv
                0x00006920       0x2a ./gr_common/RLduino78/libraries/Wire/Wire.o
                0x00006920                TwoWire::read()
 .text._ZN7TwoWire4peekEv
                0x0000694a       0x26 ./gr_common/RLduino78/libraries/Wire/Wire.o
                0x0000694a                TwoWire::peek()
 .text._ZN7TwoWire5flushEv
                0x00006970        0x1 ./gr_common/RLduino78/libraries/Wire/Wire.o
                0x00006970                TwoWire::flush()
 .text._ZN7TwoWire5writeEPKhj
                0x00006971       0x6d ./gr_common/RLduino78/libraries/Wire/Wire.o
                0x00006971                TwoWire::write(unsigned char const*, unsigned int)
 .text._ZN7TwoWire5writeEh
                0x000069de       0x5e ./gr_common/RLduino78/libraries/Wire/Wire.o
                0x000069de                TwoWire::write(unsigned char)
 .text._ZN7TwoWireC2Ev
                0x00006a3c       0x1d ./gr_common/RLduino78/libraries/Wire/Wire.o
                0x00006a3c                TwoWire::TwoWire()
                0x00006a3c                TwoWire::TwoWire()
 .text.startup._GLOBAL__sub_I__ZN7TwoWire8rxBufferE
                0x00006a59        0xe ./gr_common/RLduino78/libraries/Wire/Wire.o
 .text._ZN9__gnu_cxx27__verbose_terminate_handlerEv
                0x00006a67        0x1 ./gr_common/RLduino78/portable/e2studio/RL78/exception_handler.o
                0x00006a67                __gnu_cxx::__verbose_terminate_handler()
 .text.init_system_clock
                0x00006a68       0x57 ./gr_common/RLduino78/cores/RLduino78_timer.o
                0x00006a68                init_system_clock
 .text.init_interval_timer
                0x00006abf      0x158 ./gr_common/RLduino78/cores/RLduino78_timer.o
                0x00006abf                init_interval_timer
 .text.interval_timer
                0x00006c17       0x9f ./gr_common/RLduino78/cores/RLduino78_timer.o
                0x00006c17                interval_timer
 .text.twi_transmit
                0x00006cb6       0x52 ./gr_common/RLduino78/libraries/Wire/utility/twi.o
                0x00006cb6                twi_transmit
 .text.twi_stop
                0x00006d08       0x25 ./gr_common/RLduino78/libraries/Wire/utility/twi.o
                0x00006d08                twi_stop
 .text.twi_releaseBus
                0x00006d2d       0x12 ./gr_common/RLduino78/libraries/Wire/utility/twi.o
                0x00006d2d                twi_releaseBus
 .text.iica0_interrupt
                0x00006d3f      0x2b2 ./gr_common/RLduino78/libraries/Wire/utility/twi.o
                0x00006d3f                iica0_interrupt
 .text.INT_WDTI
                0x00006ff1        0xc ./gr_common/RLduino78/portable/e2studio/RL78/interrupt_handlers.o
                0x00006ff1                INT_WDTI
 .text.INT_LVI  0x00006ffd        0xc ./gr_common/RLduino78/portable/e2studio/RL78/interrupt_handlers.o
                0x00006ffd                INT_LVI
 .text.INT_P0   0x00007009        0xc ./gr_common/RLduino78/portable/e2studio/RL78/interrupt_handlers.o
                0x00007009                INT_P0
 .text.INT_P1   0x00007015        0xc ./gr_common/RLduino78/portable/e2studio/RL78/interrupt_handlers.o
                0x00007015                INT_P1
 .text.INT_P2   0x00007021        0xc ./gr_common/RLduino78/portable/e2studio/RL78/interrupt_handlers.o
                0x00007021                INT_P2
 .text.INT_P3   0x0000702d       0x26 ./gr_common/RLduino78/portable/e2studio/RL78/interrupt_handlers.o
                0x0000702d                INT_P3
 .text.INT_P4   0x00007053        0xc ./gr_common/RLduino78/portable/e2studio/RL78/interrupt_handlers.o
                0x00007053                INT_P4
 .text.INT_P5   0x0000705f       0x26 ./gr_common/RLduino78/portable/e2studio/RL78/interrupt_handlers.o
                0x0000705f                INT_P5
 .text.INT_ST2  0x00007085       0x26 ./gr_common/RLduino78/portable/e2studio/RL78/interrupt_handlers.o
                0x00007085                INT_ST2
 .text.INT_SR2  0x000070ab       0x26 ./gr_common/RLduino78/portable/e2studio/RL78/interrupt_handlers.o
                0x000070ab                INT_SR2
 .text.INT_SRE2
                0x000070d1       0x26 ./gr_common/RLduino78/portable/e2studio/RL78/interrupt_handlers.o
                0x000070d1                INT_SRE2
 .text.INT_DMA0
                0x000070f7        0xc ./gr_common/RLduino78/portable/e2studio/RL78/interrupt_handlers.o
                0x000070f7                INT_DMA0
 .text.INT_DMA1
                0x00007103        0xc ./gr_common/RLduino78/portable/e2studio/RL78/interrupt_handlers.o
                0x00007103                INT_DMA1
 .text.INT_ST0  0x0000710f       0x26 ./gr_common/RLduino78/portable/e2studio/RL78/interrupt_handlers.o
                0x0000710f                INT_ST0
 .text.INT_SR0  0x00007135       0x26 ./gr_common/RLduino78/portable/e2studio/RL78/interrupt_handlers.o
                0x00007135                INT_SR0
 .text.INT_TM01H
                0x0000715b       0x26 ./gr_common/RLduino78/portable/e2studio/RL78/interrupt_handlers.o
                0x0000715b                INT_TM01H
 .text.INT_ST1  0x00007181       0x26 ./gr_common/RLduino78/portable/e2studio/RL78/interrupt_handlers.o
                0x00007181                INT_ST1
 .text.INT_SR1  0x000071a7       0x26 ./gr_common/RLduino78/portable/e2studio/RL78/interrupt_handlers.o
                0x000071a7                INT_SR1
 .text.INT_TM03H
                0x000071cd       0x26 ./gr_common/RLduino78/portable/e2studio/RL78/interrupt_handlers.o
                0x000071cd                INT_TM03H
 .text.INT_IICA0
                0x000071f3       0x26 ./gr_common/RLduino78/portable/e2studio/RL78/interrupt_handlers.o
                0x000071f3                INT_IICA0
 .text.INT_TM00
                0x00007219        0xc ./gr_common/RLduino78/portable/e2studio/RL78/interrupt_handlers.o
                0x00007219                INT_TM00
 .text.INT_TM01
                0x00007225       0x3c ./gr_common/RLduino78/portable/e2studio/RL78/interrupt_handlers.o
                0x00007225                INT_TM01
 .text.INT_TM02
                0x00007261        0xc ./gr_common/RLduino78/portable/e2studio/RL78/interrupt_handlers.o
                0x00007261                INT_TM02
 .text.INT_TM03
                0x0000726d        0xc ./gr_common/RLduino78/portable/e2studio/RL78/interrupt_handlers.o
                0x0000726d                INT_TM03
 .text.INT_AD   0x00007279       0x26 ./gr_common/RLduino78/portable/e2studio/RL78/interrupt_handlers.o
                0x00007279                INT_AD
 .text.INT_RTC  0x0000729f       0x26 ./gr_common/RLduino78/portable/e2studio/RL78/interrupt_handlers.o
                0x0000729f                INT_RTC
 .text.INT_IT   0x000072c5       0x26 ./gr_common/RLduino78/portable/e2studio/RL78/interrupt_handlers.o
                0x000072c5                INT_IT
 .text.INT_KR   0x000072eb        0xc ./gr_common/RLduino78/portable/e2studio/RL78/interrupt_handlers.o
                0x000072eb                INT_KR
 .text.INT_TM04
                0x000072f7       0x26 ./gr_common/RLduino78/portable/e2studio/RL78/interrupt_handlers.o
                0x000072f7                INT_TM04
 .text.INT_TM05
                0x0000731d       0x26 ./gr_common/RLduino78/portable/e2studio/RL78/interrupt_handlers.o
                0x0000731d                INT_TM05
 .text.INT_TM06
                0x00007343       0x26 ./gr_common/RLduino78/portable/e2studio/RL78/interrupt_handlers.o
                0x00007343                INT_TM06
 .text.INT_TM07
                0x00007369        0xc ./gr_common/RLduino78/portable/e2studio/RL78/interrupt_handlers.o
                0x00007369                INT_TM07
 .text.INT_P6   0x00007375        0xc ./gr_common/RLduino78/portable/e2studio/RL78/interrupt_handlers.o
                0x00007375                INT_P6
 .text.INT_P7   0x00007381        0xc ./gr_common/RLduino78/portable/e2studio/RL78/interrupt_handlers.o
                0x00007381                INT_P7
 .text.INT_P8   0x0000738d        0xc ./gr_common/RLduino78/portable/e2studio/RL78/interrupt_handlers.o
                0x0000738d                INT_P8
 .text.INT_P9   0x00007399        0xc ./gr_common/RLduino78/portable/e2studio/RL78/interrupt_handlers.o
                0x00007399                INT_P9
 .text.INT_P10  0x000073a5        0xc ./gr_common/RLduino78/portable/e2studio/RL78/interrupt_handlers.o
                0x000073a5                INT_P10
 .text.INT_P11  0x000073b1        0xc ./gr_common/RLduino78/portable/e2studio/RL78/interrupt_handlers.o
                0x000073b1                INT_P11
 .text.INT_MD   0x000073bd        0xc ./gr_common/RLduino78/portable/e2studio/RL78/interrupt_handlers.o
                0x000073bd                INT_MD
 .text.INT_FL   0x000073c9        0xc ./gr_common/RLduino78/portable/e2studio/RL78/interrupt_handlers.o
                0x000073c9                INT_FL
 .text.INT_BRK_I
                0x000073d5        0xc ./gr_common/RLduino78/portable/e2studio/RL78/interrupt_handlers.o
                0x000073d5                INT_BRK_I
 .text          0x000073e1       0xa0 ./gr_common/RLduino78/portable/e2studio/RL78/reset_program.o
                0x000073e1                PowerON_Reset
                0x00007443                rl78_run_preinit_array
                0x0000744e                rl78_run_init_array
                0x00007459                rl78_run_fini_array
 .text          0x00007481       0xfc C:/Renesas/e2studio/GNURL78v14.03-ELF/rl78-elf/lib/gcc/rl78-elf/4.8-GNURL78_v14.03/crtbegin.o
 .text          0x0000757d       0x36 C:/Renesas/e2studio/GNURL78v14.03-ELF/rl78-elf/lib/gcc/rl78-elf/4.8-GNURL78_v14.03/crtend.o
 .text._ZN10__cxxabiv120__si_class_type_infoD2Ev
                0x000075b3       0x18 C:/Renesas/e2studio/GNURL78v14.03-ELF/rl78-elf/rl78-elf/lib\libstdc++.a(si_class_type_info.o)
                0x000075b3                __cxxabiv1::__si_class_type_info::~__si_class_type_info()
                0x000075b3                __cxxabiv1::__si_class_type_info::~__si_class_type_info()
 .text._ZN10__cxxabiv120__si_class_type_infoD0Ev
                0x000075cb       0x2a C:/Renesas/e2studio/GNURL78v14.03-ELF/rl78-elf/rl78-elf/lib\libstdc++.a(si_class_type_info.o)
                0x000075cb                __cxxabiv1::__si_class_type_info::~__si_class_type_info()
 .text._ZNK10__cxxabiv120__si_class_type_info12__do_dyncastEiNS_17__class_type_info10__sub_kindEPKS1_PKvS4_S6_RNS1_16__dyncast_resultE
                0x000075f5      0x14f C:/Renesas/e2studio/GNURL78v14.03-ELF/rl78-elf/rl78-elf/lib\libstdc++.a(si_class_type_info.o)
                0x000075f5                __cxxabiv1::__si_class_type_info::__do_dyncast(int, __cxxabiv1::__class_type_info::__sub_kind, __cxxabiv1::__class_type_info const*, void const*, __cxxabiv1::__class_type_info const*, void const*, __cxxabiv1::__class_type_info::__dyncast_result&) const
 .text._ZNK10__cxxabiv120__si_class_type_info20__do_find_public_srcEiPKvPKNS_17__class_type_infoES2_
                0x00007744       0x95 C:/Renesas/e2studio/GNURL78v14.03-ELF/rl78-elf/rl78-elf/lib\libstdc++.a(si_class_type_info.o)
                0x00007744                __cxxabiv1::__si_class_type_info::__do_find_public_src(int, void const*, __cxxabiv1::__class_type_info const*, void const*) const
 .text._ZNK10__cxxabiv120__si_class_type_info11__do_upcastEPKNS_17__class_type_infoEPKvRNS1_15__upcast_resultE
                0x000077d9       0x5c C:/Renesas/e2studio/GNURL78v14.03-ELF/rl78-elf/rl78-elf/lib\libstdc++.a(si_class_type_info.o)
                0x000077d9                __cxxabiv1::__si_class_type_info::__do_upcast(__cxxabiv1::__class_type_info const*, void const*, __cxxabiv1::__class_type_info::__upcast_result&) const
 .text._ZL23__gxx_exception_cleanup19_Unwind_Reason_CodeP17_Unwind_Exception
                0x00007835       0x68 C:/Renesas/e2studio/GNURL78v14.03-ELF/rl78-elf/rl78-elf/lib\libstdc++.a(eh_throw.o)
 .text.__cxa_throw
                0x0000789d       0xcd C:/Renesas/e2studio/GNURL78v14.03-ELF/rl78-elf/rl78-elf/lib\libstdc++.a(eh_throw.o)
                0x0000789d                __cxa_throw
 .text.__cxa_rethrow
                0x0000796a      0x29b C:/Renesas/e2studio/GNURL78v14.03-ELF/rl78-elf/rl78-elf/lib\libstdc++.a(eh_throw.o)
                0x0000796a                __cxa_rethrow
 .text._ZNK10__cxxabiv117__class_type_info11__do_upcastEPKS0_PPv
                0x00007c05       0x6f C:/Renesas/e2studio/GNURL78v14.03-ELF/rl78-elf/rl78-elf/lib\libstdc++.a(class_type_info.o)
                0x00007c05                __cxxabiv1::__class_type_info::__do_upcast(__cxxabiv1::__class_type_info const*, void**) const
 .text._ZNK10__cxxabiv117__class_type_info20__do_find_public_srcEiPKvPKS0_S2_
                0x00007c74       0x16 C:/Renesas/e2studio/GNURL78v14.03-ELF/rl78-elf/rl78-elf/lib\libstdc++.a(class_type_info.o)
                0x00007c74                __cxxabiv1::__class_type_info::__do_find_public_src(int, void const*, __cxxabiv1::__class_type_info const*, void const*) const
 .text._ZN10__cxxabiv117__class_type_infoD2Ev
                0x00007c8a       0x18 C:/Renesas/e2studio/GNURL78v14.03-ELF/rl78-elf/rl78-elf/lib\libstdc++.a(class_type_info.o)
                0x00007c8a                __cxxabiv1::__class_type_info::~__class_type_info()
                0x00007c8a                __cxxabiv1::__class_type_info::~__class_type_info()
 .text._ZN10__cxxabiv117__class_type_infoD0Ev
                0x00007ca2       0x2a C:/Renesas/e2studio/GNURL78v14.03-ELF/rl78-elf/rl78-elf/lib\libstdc++.a(class_type_info.o)
                0x00007ca2                __cxxabiv1::__class_type_info::~__class_type_info()
 .text._ZNK10__cxxabiv117__class_type_info11__do_upcastEPKS0_PKvRNS0_15__upcast_resultE
                0x00007ccc       0x6b C:/Renesas/e2studio/GNURL78v14.03-ELF/rl78-elf/rl78-elf/lib\libstdc++.a(class_type_info.o)
                0x00007ccc                __cxxabiv1::__class_type_info::__do_upcast(__cxxabiv1::__class_type_info const*, void const*, __cxxabiv1::__class_type_info::__upcast_result&) const
 .text._ZNK10__cxxabiv117__class_type_info10__do_catchEPKSt9type_infoPPvj
                0x00007d37       0x89 C:/Renesas/e2studio/GNURL78v14.03-ELF/rl78-elf/rl78-elf/lib\libstdc++.a(class_type_info.o)
                0x00007d37                __cxxabiv1::__class_type_info::__do_catch(std::type_info const*, void**, unsigned int) const
 .text._ZNK10__cxxabiv117__class_type_info12__do_dyncastEiNS0_10__sub_kindEPKS0_PKvS3_S5_RNS0_16__dyncast_resultE
                0x00007dc0       0xc1 C:/Renesas/e2studio/GNURL78v14.03-ELF/rl78-elf/rl78-elf/lib\libstdc++.a(class_type_info.o)
                0x00007dc0                __cxxabiv1::__class_type_info::__do_dyncast(int, __cxxabiv1::__class_type_info::__sub_kind, __cxxabiv1::__class_type_info const*, void const*, __cxxabiv1::__class_type_info const*, void const*, __cxxabiv1::__class_type_info::__dyncast_result&) const
 .text.__cxa_begin_catch
                0x00007e81      0x2e2 C:/Renesas/e2studio/GNURL78v14.03-ELF/rl78-elf/rl78-elf/lib\libstdc++.a(eh_catch.o)
                0x00007e81                __cxa_begin_catch
 .text.__cxa_end_catch
                0x00008163      0x2eb C:/Renesas/e2studio/GNURL78v14.03-ELF/rl78-elf/rl78-elf/lib\libstdc++.a(eh_catch.o)
                0x00008163                __cxa_end_catch
 .text._ZdlPv   0x0000844e       0x16 C:/Renesas/e2studio/GNURL78v14.03-ELF/rl78-elf/rl78-elf/lib\libstdc++.a(del_op.o)
                0x0000844e                operator delete(void*)
 .text._ZN10__cxxabiv111__terminateEPFvvE
                0x00008464       0x99 C:/Renesas/e2studio/GNURL78v14.03-ELF/rl78-elf/rl78-elf/lib\libstdc++.a(eh_terminate.o)
                0x00008464                __cxxabiv1::__terminate(void (*)())
 .text._ZSt9terminatev
                0x000084fd        0xb C:/Renesas/e2studio/GNURL78v14.03-ELF/rl78-elf/rl78-elf/lib\libstdc++.a(eh_terminate.o)
                0x000084fd                std::terminate()
 .text._ZN10__cxxabiv112__unexpectedEPFvvE
                0x00008508        0x9 C:/Renesas/e2studio/GNURL78v14.03-ELF/rl78-elf/rl78-elf/lib\libstdc++.a(eh_terminate.o)
                0x00008508                __cxxabiv1::__unexpected(void (*)())
 .text._ZSt10unexpectedv
                0x00008511        0xb C:/Renesas/e2studio/GNURL78v14.03-ELF/rl78-elf/rl78-elf/lib\libstdc++.a(eh_terminate.o)
                0x00008511                std::unexpected()
 .text._ZL12read_sleb128PKhPl
                0x0000851c      0x114 C:/Renesas/e2studio/GNURL78v14.03-ELF/rl78-elf/rl78-elf/lib\libstdc++.a(eh_personality.o)
 .text._ZL16get_adjusted_ptrPKSt9type_infoS1_PPv
                0x00008630       0x71 C:/Renesas/e2studio/GNURL78v14.03-ELF/rl78-elf/rl78-elf/lib\libstdc++.a(eh_personality.o)
 .text._ZL28read_encoded_value_with_basehjPKhPj
                0x000086a1      0x2ec C:/Renesas/e2studio/GNURL78v14.03-ELF/rl78-elf/rl78-elf/lib\libstdc++.a(eh_personality.o)
 .text._ZL15get_ttype_entryP16lsda_header_infom
                0x0000898d       0xcb C:/Renesas/e2studio/GNURL78v14.03-ELF/rl78-elf/rl78-elf/lib\libstdc++.a(eh_personality.o)
 .text._ZL20check_exception_specP16lsda_header_infoPKSt9type_infoPvl
                0x00008a58      0x10a C:/Renesas/e2studio/GNURL78v14.03-ELF/rl78-elf/rl78-elf/lib\libstdc++.a(eh_personality.o)
 .text._ZL21base_of_encoded_valuehP15_Unwind_Context
                0x00008b62       0x7c C:/Renesas/e2studio/GNURL78v14.03-ELF/rl78-elf/rl78-elf/lib\libstdc++.a(eh_personality.o)
 .text._ZL17parse_lsda_headerP15_Unwind_ContextPKhP16lsda_header_info
                0x00008bde      0x250 C:/Renesas/e2studio/GNURL78v14.03-ELF/rl78-elf/rl78-elf/lib\libstdc++.a(eh_personality.o)
 .text.__gxx_personality_sj0
                0x00008e2e      0x956 C:/Renesas/e2studio/GNURL78v14.03-ELF/rl78-elf/rl78-elf/lib\libstdc++.a(eh_personality.o)
                0x00008e2e                __gxx_personality_sj0
 .text.__cxa_call_unexpected
                0x00009784      0x1b3 C:/Renesas/e2studio/GNURL78v14.03-ELF/rl78-elf/rl78-elf/lib\libstdc++.a(eh_personality.o)
                0x00009784                __cxa_call_unexpected
 .text.__cxa_allocate_exception
                0x00009937       0xb9 C:/Renesas/e2studio/GNURL78v14.03-ELF/rl78-elf/rl78-elf/lib\libstdc++.a(eh_alloc.o)
                0x00009937                __cxa_allocate_exception
 .text.__cxa_free_exception
                0x000099f0       0x59 C:/Renesas/e2studio/GNURL78v14.03-ELF/rl78-elf/rl78-elf/lib\libstdc++.a(eh_alloc.o)
                0x000099f0                __cxa_free_exception
 .text._ZNSt9exceptionD2Ev
                0x00009a49        0xa C:/Renesas/e2studio/GNURL78v14.03-ELF/rl78-elf/rl78-elf/lib\libstdc++.a(eh_exception.o)
                0x00009a49                std::exception::~exception()
                0x00009a49                std::exception::~exception()
 .text._ZNSt13bad_exceptionD2Ev
                0x00009a53        0xa C:/Renesas/e2studio/GNURL78v14.03-ELF/rl78-elf/rl78-elf/lib\libstdc++.a(eh_exception.o)
                0x00009a53                std::bad_exception::~bad_exception()
                0x00009a53                std::bad_exception::~bad_exception()
 .text._ZNKSt9exception4whatEv
                0x00009a5d        0x5 C:/Renesas/e2studio/GNURL78v14.03-ELF/rl78-elf/rl78-elf/lib\libstdc++.a(eh_exception.o)
                0x00009a5d                std::exception::what() const
 .text._ZNKSt13bad_exception4whatEv
                0x00009a62        0x5 C:/Renesas/e2studio/GNURL78v14.03-ELF/rl78-elf/rl78-elf/lib\libstdc++.a(eh_exception.o)
                0x00009a62                std::bad_exception::what() const
 .text._ZNSt9exceptionD0Ev
                0x00009a67       0x18 C:/Renesas/e2studio/GNURL78v14.03-ELF/rl78-elf/rl78-elf/lib\libstdc++.a(eh_exception.o)
                0x00009a67                std::exception::~exception()
 .text._ZNSt13bad_exceptionD0Ev
                0x00009a7f       0x18 C:/Renesas/e2studio/GNURL78v14.03-ELF/rl78-elf/rl78-elf/lib\libstdc++.a(eh_exception.o)
                0x00009a7f                std::bad_exception::~bad_exception()
 .text.__cxa_call_terminate
                0x00009a97      0x25e C:/Renesas/e2studio/GNURL78v14.03-ELF/rl78-elf/rl78-elf/lib\libstdc++.a(eh_call.o)
                0x00009a97                __cxa_call_terminate
 .text._ZNSt9type_infoD2Ev
                0x00009cf5        0xa C:/Renesas/e2studio/GNURL78v14.03-ELF/rl78-elf/rl78-elf/lib\libstdc++.a(tinfo.o)
                0x00009cf5                std::type_info::~type_info()
                0x00009cf5                std::type_info::~type_info()
 .text._ZNKSt9type_info14__is_pointer_pEv
                0x00009cff        0x3 C:/Renesas/e2studio/GNURL78v14.03-ELF/rl78-elf/rl78-elf/lib\libstdc++.a(tinfo.o)
                0x00009cff                std::type_info::__is_pointer_p() const
 .text._ZNKSt9type_info15__is_function_pEv
                0x00009d02        0x3 C:/Renesas/e2studio/GNURL78v14.03-ELF/rl78-elf/rl78-elf/lib\libstdc++.a(tinfo.o)
                0x00009d02                std::type_info::__is_function_p() const
 .text._ZNKSt9type_info11__do_upcastEPKN10__cxxabiv117__class_type_infoEPPv
                0x00009d05        0x3 C:/Renesas/e2studio/GNURL78v14.03-ELF/rl78-elf/rl78-elf/lib\libstdc++.a(tinfo.o)
                0x00009d05                std::type_info::__do_upcast(__cxxabiv1::__class_type_info const*, void**) const
 .text._ZNSt9type_infoD0Ev
                0x00009d08       0x18 C:/Renesas/e2studio/GNURL78v14.03-ELF/rl78-elf/rl78-elf/lib\libstdc++.a(tinfo.o)
                0x00009d08                std::type_info::~type_info()
 .text._ZNKSt9type_info10__do_catchEPKS_PPvj
                0x00009d20       0x45 C:/Renesas/e2studio/GNURL78v14.03-ELF/rl78-elf/rl78-elf/lib\libstdc++.a(tinfo.o)
                0x00009d20                std::type_info::__do_catch(std::type_info const*, void**, unsigned int) const
 .text.__cxa_get_globals_fast
                0x00009d65        0x5 C:/Renesas/e2studio/GNURL78v14.03-ELF/rl78-elf/rl78-elf/lib\libstdc++.a(eh_globals.o)
                0x00009d65                __cxa_get_globals_fast
 .text.__cxa_get_globals
                0x00009d6a        0x5 C:/Renesas/e2studio/GNURL78v14.03-ELF/rl78-elf/rl78-elf/lib\libstdc++.a(eh_globals.o)
                0x00009d6a                __cxa_get_globals
 .text          0x00009d6f       0x24 C:/Renesas/e2studio/GNURL78v14.03-ELF/rl78-elf/rl78-elf/lib\libc.a(lib_a-malloc.o)
                0x00009d6f                malloc
                0x00009d81                free
 .text          0x00009d93      0xa35 C:/Renesas/e2studio/GNURL78v14.03-ELF/rl78-elf/rl78-elf/lib\libc.a(lib_a-mallocr.o)
                0x00009d93                _malloc_r
 .text          0x0000a7c8       0x23 C:/Renesas/e2studio/GNURL78v14.03-ELF/rl78-elf/rl78-elf/lib\libc.a(lib_a-memset.o)
                0x0000a7c8                memset
 .text          0x0000a7eb        0x2 C:/Renesas/e2studio/GNURL78v14.03-ELF/rl78-elf/rl78-elf/lib\libc.a(lib_a-mlock.o)
                0x0000a7eb                __malloc_lock
                0x0000a7ec                __malloc_unlock
 .text          0x0000a7ed       0x30 C:/Renesas/e2studio/GNURL78v14.03-ELF/rl78-elf/rl78-elf/lib\libc.a(lib_a-sbrkr.o)
                0x0000a7ed                _sbrk_r
 .text          0x0000a81d       0x41 C:/Renesas/e2studio/GNURL78v14.03-ELF/rl78-elf/rl78-elf/lib\libc.a(lib_a-strcmp.o)
                0x0000a81d                strcmp
 .text          0x0000a85e       0x25 C:/Renesas/e2studio/GNURL78v14.03-ELF/rl78-elf/rl78-elf/lib\libc.a(lib_a-strlen.o)
                0x0000a85e                strlen
 .text          0x0000a883      0x4bd C:/Renesas/e2studio/GNURL78v14.03-ELF/rl78-elf/rl78-elf/lib\libc.a(lib_a-freer.o)
                0x0000a883                _malloc_trim_r
                0x0000a9f1                _free_r
 .text.__fixunssfsi
                0x0000ad40       0xb7 C:/Renesas/e2studio/GNURL78v14.03-ELF/rl78-elf/lib/gcc/rl78-elf/4.8-GNURL78_v14.03\libgcc.a(_fixunssfsi.o)
                0x0000ad40                __fixunssfsi
 .text._fpadd_parts
                0x0000adf7      0x4e2 C:/Renesas/e2studio/GNURL78v14.03-ELF/rl78-elf/lib/gcc/rl78-elf/4.8-GNURL78_v14.03\libgcc.a(_addsub_sf.o)
 .text.__addsf3
                0x0000b2d9       0xa5 C:/Renesas/e2studio/GNURL78v14.03-ELF/rl78-elf/lib/gcc/rl78-elf/4.8-GNURL78_v14.03\libgcc.a(_addsub_sf.o)
                0x0000b2d9                __addsf3
 .text.__subsf3
                0x0000b37e       0xb1 C:/Renesas/e2studio/GNURL78v14.03-ELF/rl78-elf/lib/gcc/rl78-elf/4.8-GNURL78_v14.03\libgcc.a(_addsub_sf.o)
                0x0000b37e                __subsf3
 .text.__divsf3
                0x0000b42f      0x27e C:/Renesas/e2studio/GNURL78v14.03-ELF/rl78-elf/lib/gcc/rl78-elf/4.8-GNURL78_v14.03\libgcc.a(_div_sf.o)
                0x0000b42f                __divsf3
 .text.__gesf2  0x0000b6ad       0xa7 C:/Renesas/e2studio/GNURL78v14.03-ELF/rl78-elf/lib/gcc/rl78-elf/4.8-GNURL78_v14.03\libgcc.a(_ge_sf.o)
                0x0000b6ad                __gesf2
 .text.__fixsfsi
                0x0000b754      0x106 C:/Renesas/e2studio/GNURL78v14.03-ELF/rl78-elf/lib/gcc/rl78-elf/4.8-GNURL78_v14.03\libgcc.a(_sf_to_si.o)
                0x0000b754                __fixsfsi
 .text.__floatunsisf
                0x0000b85a      0x1a5 C:/Renesas/e2studio/GNURL78v14.03-ELF/rl78-elf/lib/gcc/rl78-elf/4.8-GNURL78_v14.03\libgcc.a(_usi_to_sf.o)
                0x0000b85a                __floatunsisf
 .text.__generic_sidivmod_d
                0x0000b9ff      0x149 C:/Renesas/e2studio/GNURL78v14.03-ELF/rl78-elf/lib/gcc/rl78-elf/4.8-GNURL78_v14.03\libgcc.a(divmodsi.o)
                0x0000b9ff                _generic_sidivmod_d
                0x0000ba19                _generic_sidiv
 .text.___udivsi3
                0x0000bb48        0x4 C:/Renesas/e2studio/GNURL78v14.03-ELF/rl78-elf/lib/gcc/rl78-elf/4.8-GNURL78_v14.03\libgcc.a(divmodsi.o)
                0x0000bb48                __udivsi3
 .text.___divsi3
                0x0000bb4c       0xa9 C:/Renesas/e2studio/GNURL78v14.03-ELF/rl78-elf/lib/gcc/rl78-elf/4.8-GNURL78_v14.03\libgcc.a(divmodsi.o)
                0x0000bb4c                __divsi3
 .text.__generic_hidivmod_m
                0x0000bbf5       0x51 C:/Renesas/e2studio/GNURL78v14.03-ELF/rl78-elf/lib/gcc/rl78-elf/4.8-GNURL78_v14.03\libgcc.a(divmodhi.o)
                0x0000bbf5                _generic_hidivmod_m
                0x0000bbfa                _generic_himod
 .text.___modhi3
                0x0000bc46       0x6b C:/Renesas/e2studio/GNURL78v14.03-ELF/rl78-elf/lib/gcc/rl78-elf/4.8-GNURL78_v14.03\libgcc.a(divmodhi.o)
                0x0000bc46                __modhi3
 .text.uw_install_context.isra.1
                0x0000bcb1       0x26 C:/Renesas/e2studio/GNURL78v14.03-ELF/rl78-elf/lib/gcc/rl78-elf/4.8-GNURL78_v14.03\libgcc.a(unwind-sjlj.o)
 .text._Unwind_ForcedUnwind_Phase2
                0x0000bcd7      0x10b C:/Renesas/e2studio/GNURL78v14.03-ELF/rl78-elf/lib/gcc/rl78-elf/4.8-GNURL78_v14.03\libgcc.a(unwind-sjlj.o)
 .text._Unwind_RaiseException_Phase2
                0x0000bde2       0xf5 C:/Renesas/e2studio/GNURL78v14.03-ELF/rl78-elf/lib/gcc/rl78-elf/4.8-GNURL78_v14.03\libgcc.a(unwind-sjlj.o)
 .text._Unwind_SjLj_Register
                0x0000bed7       0x17 C:/Renesas/e2studio/GNURL78v14.03-ELF/rl78-elf/lib/gcc/rl78-elf/4.8-GNURL78_v14.03\libgcc.a(unwind-sjlj.o)
                0x0000bed7                _Unwind_SjLj_Register
 .text._Unwind_SjLj_Unregister
                0x0000beee        0x8 C:/Renesas/e2studio/GNURL78v14.03-ELF/rl78-elf/lib/gcc/rl78-elf/4.8-GNURL78_v14.03\libgcc.a(unwind-sjlj.o)
                0x0000beee                _Unwind_SjLj_Unregister
 .text._Unwind_SetGR
                0x0000bef6       0x1d C:/Renesas/e2studio/GNURL78v14.03-ELF/rl78-elf/lib/gcc/rl78-elf/4.8-GNURL78_v14.03\libgcc.a(unwind-sjlj.o)
                0x0000bef6                _Unwind_SetGR
 .text._Unwind_GetIPInfo
                0x0000bf13       0x1d C:/Renesas/e2studio/GNURL78v14.03-ELF/rl78-elf/lib/gcc/rl78-elf/4.8-GNURL78_v14.03\libgcc.a(unwind-sjlj.o)
                0x0000bf13                _Unwind_GetIPInfo
 .text._Unwind_SetIP
                0x0000bf30        0xc C:/Renesas/e2studio/GNURL78v14.03-ELF/rl78-elf/lib/gcc/rl78-elf/4.8-GNURL78_v14.03\libgcc.a(unwind-sjlj.o)
                0x0000bf30                _Unwind_SetIP
 .text._Unwind_GetLanguageSpecificData
                0x0000bf3c        0xa C:/Renesas/e2studio/GNURL78v14.03-ELF/rl78-elf/lib/gcc/rl78-elf/4.8-GNURL78_v14.03\libgcc.a(unwind-sjlj.o)
                0x0000bf3c                _Unwind_GetLanguageSpecificData
 .text._Unwind_GetRegionStart
                0x0000bf46        0x5 C:/Renesas/e2studio/GNURL78v14.03-ELF/rl78-elf/lib/gcc/rl78-elf/4.8-GNURL78_v14.03\libgcc.a(unwind-sjlj.o)
                0x0000bf46                _Unwind_GetRegionStart
 .text._Unwind_GetDataRelBase
                0x0000bf4b        0x5 C:/Renesas/e2studio/GNURL78v14.03-ELF/rl78-elf/lib/gcc/rl78-elf/4.8-GNURL78_v14.03\libgcc.a(unwind-sjlj.o)
                0x0000bf4b                _Unwind_GetDataRelBase
 .text._Unwind_GetTextRelBase
                0x0000bf50        0x5 C:/Renesas/e2studio/GNURL78v14.03-ELF/rl78-elf/lib/gcc/rl78-elf/4.8-GNURL78_v14.03\libgcc.a(unwind-sjlj.o)
                0x0000bf50                _Unwind_GetTextRelBase
 .text._Unwind_SjLj_RaiseException
                0x0000bf55       0xda C:/Renesas/e2studio/GNURL78v14.03-ELF/rl78-elf/lib/gcc/rl78-elf/4.8-GNURL78_v14.03\libgcc.a(unwind-sjlj.o)
                0x0000bf55                _Unwind_SjLj_RaiseException
 .text._Unwind_SjLj_Resume
                0x0000c02f       0x5d C:/Renesas/e2studio/GNURL78v14.03-ELF/rl78-elf/lib/gcc/rl78-elf/4.8-GNURL78_v14.03\libgcc.a(unwind-sjlj.o)
                0x0000c02f                _Unwind_SjLj_Resume
 .text._Unwind_SjLj_Resume_or_Rethrow
                0x0000c08c       0x51 C:/Renesas/e2studio/GNURL78v14.03-ELF/rl78-elf/lib/gcc/rl78-elf/4.8-GNURL78_v14.03\libgcc.a(unwind-sjlj.o)
                0x0000c08c                _Unwind_SjLj_Resume_or_Rethrow
 .text._Unwind_DeleteException
                0x0000c0dd       0x23 C:/Renesas/e2studio/GNURL78v14.03-ELF/rl78-elf/lib/gcc/rl78-elf/4.8-GNURL78_v14.03\libgcc.a(unwind-sjlj.o)
                0x0000c0dd                _Unwind_DeleteException
 .text.__clzsi2
                0x0000c100       0xcc C:/Renesas/e2studio/GNURL78v14.03-ELF/rl78-elf/lib/gcc/rl78-elf/4.8-GNURL78_v14.03\libgcc.a(_clzsi2.o)
                0x0000c100                __clzsi2
 .text.__pack_f
                0x0000c1cc      0x353 C:/Renesas/e2studio/GNURL78v14.03-ELF/rl78-elf/lib/gcc/rl78-elf/4.8-GNURL78_v14.03\libgcc.a(_pack_sf.o)
                0x0000c1cc                __pack_f
 .text.__unpack_f
                0x0000c51f      0x16c C:/Renesas/e2studio/GNURL78v14.03-ELF/rl78-elf/lib/gcc/rl78-elf/4.8-GNURL78_v14.03\libgcc.a(_unpack_sf.o)
                0x0000c51f                __unpack_f
 .text.__fpcmp_parts_f
                0x0000c68b      0x136 C:/Renesas/e2studio/GNURL78v14.03-ELF/rl78-elf/lib/gcc/rl78-elf/4.8-GNURL78_v14.03\libgcc.a(_fpcmp_parts_sf.o)
                0x0000c68b                __fpcmp_parts_f
 .text          0x0000c7c1       0x1f C:/Renesas/e2studio/GNURL78v14.03-ELF/rl78-elf/rl78-elf/lib\libnosys.a(sbrk.o)
                0x0000c7c1                sbrk
 *(PFDL_COD)
 *reset_program.o(.text)
 *(.text.*personality*)
 *(.gnu.warning)
 *(.interp .hash .dynsym .dynstr .gnu.version*)
                0x0000c7e0                PROVIDE (__etext, .)
                0x0000c7e0                PROVIDE (_etext, .)
                0x0000c7e0                PROVIDE (etext, .)
                0x0000c7e0                . = ALIGN (0x2)
 *(.init)
 .init          0x0000c7e0        0x0 ./gr_common/RLduino78/portable/e2studio/RL78/reset_program.o
                0x0000c7e0                _rl78_init
 .init          0x0000c7e0        0x4 C:/Renesas/e2studio/GNURL78v14.03-ELF/rl78-elf/lib/gcc/rl78-elf/4.8-GNURL78_v14.03/crtbegin.o
 .init          0x0000c7e4        0x4 C:/Renesas/e2studio/GNURL78v14.03-ELF/rl78-elf/lib/gcc/rl78-elf/4.8-GNURL78_v14.03/crtend.o
 .init          0x0000c7e8        0x9 C:/Renesas/e2studio/GNURL78v14.03-ELF/rl78-elf/rl78-elf/lib/crtn.o
                0x0000c7f1                _rl78_init_end
 *(.fini)
 .fini          0x0000c7f1        0x4 ./gr_common/RLduino78/portable/e2studio/RL78/reset_program.o
                0x0000c7f1                _rl78_fini
 .fini          0x0000c7f5        0x4 C:/Renesas/e2studio/GNURL78v14.03-ELF/rl78-elf/lib/gcc/rl78-elf/4.8-GNURL78_v14.03/crtbegin.o
 .fini          0x0000c7f9        0x1 C:/Renesas/e2studio/GNURL78v14.03-ELF/rl78-elf/rl78-elf/lib/crtn.o
                0x0000c7fa                _rl78_fini_end

.stab
 *(.stab)

.stabstr
 *(.stabstr)

.stab.excl
 *(.stab.excl)

.stab.exclstr
 *(.stab.exclstr)

.stab.index
 *(.stab.index)

.stab.indexstr
 *(.stab.indexstr)

.comment        0x00000000      0x130
 *(.comment)
 .comment       0x00000000       0x98 ./gr_sketch.o
                                 0x99 (size before relaxing)
 .comment       0x00000000       0x99 ./gr_common/RLduino78/cores/HardwareSerial.o
 .comment       0x00000000       0x99 ./gr_common/RLduino78/cores/IPAddress.o
 .comment       0x00000000       0x99 ./gr_common/RLduino78/cores/Print.o
 .comment       0x00000000       0x99 ./gr_common/RLduino78/cores/RLduino78_basic.o
 .comment       0x00000000       0x99 ./gr_common/RLduino78/cores/RLduino78_main.o
 .comment       0x00000000       0x99 ./gr_common/RLduino78/cores/RLduino78_RTC.o
 .comment       0x00000000       0x99 ./gr_common/RLduino78/libraries/Ethernet/Dhcp.o
 .comment       0x00000000       0x99 ./gr_common/RLduino78/libraries/Ethernet/Dns.o
 .comment       0x00000000       0x99 ./gr_common/RLduino78/libraries/Ethernet/Ethernet.o
 .comment       0x00000000       0x99 ./gr_common/RLduino78/libraries/Ethernet/EthernetClient.o
 .comment       0x00000000       0x99 ./gr_common/RLduino78/libraries/Ethernet/EthernetServer.o
 .comment       0x00000000       0x99 ./gr_common/RLduino78/libraries/Ethernet/EthernetUdp.o
 .comment       0x00000000       0x99 ./gr_common/RLduino78/libraries/Ethernet/Twitter.o
 .comment       0x00000000       0x99 ./gr_common/RLduino78/libraries/Firmata/Firmata.o
 .comment       0x00000000       0x99 ./gr_common/RLduino78/libraries/SD/SD.o
 .comment       0x00000000       0x99 ./gr_common/RLduino78/libraries/SD/utility/Sd2Card.o
 .comment       0x00000000       0x99 ./gr_common/RLduino78/libraries/SD/utility/SdFile.o
 .comment       0x00000000       0x99 ./gr_common/RLduino78/libraries/SD/utility/SdVolume.o
 .comment       0x00000000       0x99 ./gr_common/RLduino78/libraries/Servo/Servo.o
 .comment       0x00000000       0x99 ./gr_common/RLduino78/libraries/Wire/Wire.o
 .comment       0x00000000       0x99 ./gr_common/RLduino78/portable/e2studio/RL78/exception_handler.o
 .comment       0x00000000       0x99 ./gr_common/RLduino78/cores/RLduino78_timer.o
 .comment       0x00000000       0x99 ./gr_common/RLduino78/libraries/Wire/utility/twi.o
 .comment       0x00000000       0x99 ./gr_common/RLduino78/portable/e2studio/RL78/interrupt_handlers.o
 .comment       0x00000000       0x99 ./gr_common/RLduino78/portable/e2studio/RL78/vector_table.o
 .comment       0x00000000       0x99 C:/Renesas/e2studio/GNURL78v14.03-ELF/rl78-elf/lib/gcc/rl78-elf/4.8-GNURL78_v14.03/crtbegin.o
 .comment       0x00000000       0x99 C:/Renesas/e2studio/GNURL78v14.03-ELF/rl78-elf/lib/gcc/rl78-elf/4.8-GNURL78_v14.03/crtend.o
 .comment       0x00000000       0x99 C:/Renesas/e2studio/GNURL78v14.03-ELF/rl78-elf/rl78-elf/lib\libstdc++.a(si_class_type_info.o)
 .comment       0x00000000       0x99 C:/Renesas/e2studio/GNURL78v14.03-ELF/rl78-elf/rl78-elf/lib\libstdc++.a(eh_throw.o)
 .comment       0x00000000       0x99 C:/Renesas/e2studio/GNURL78v14.03-ELF/rl78-elf/rl78-elf/lib\libstdc++.a(class_type_info.o)
 .comment       0x00000000       0x99 C:/Renesas/e2studio/GNURL78v14.03-ELF/rl78-elf/rl78-elf/lib\libstdc++.a(eh_catch.o)
 .comment       0x00000000       0x99 C:/Renesas/e2studio/GNURL78v14.03-ELF/rl78-elf/rl78-elf/lib\libstdc++.a(del_op.o)
 .comment       0x00000000       0x99 C:/Renesas/e2studio/GNURL78v14.03-ELF/rl78-elf/rl78-elf/lib\libstdc++.a(eh_terminate.o)
 .comment       0x00000000       0x99 C:/Renesas/e2studio/GNURL78v14.03-ELF/rl78-elf/rl78-elf/lib\libstdc++.a(eh_personality.o)
 .comment       0x00000000       0x99 C:/Renesas/e2studio/GNURL78v14.03-ELF/rl78-elf/rl78-elf/lib\libstdc++.a(eh_alloc.o)
 .comment       0x00000000       0x99 C:/Renesas/e2studio/GNURL78v14.03-ELF/rl78-elf/rl78-elf/lib\libstdc++.a(eh_unex_handler.o)
 .comment       0x00000000       0x99 C:/Renesas/e2studio/GNURL78v14.03-ELF/rl78-elf/rl78-elf/lib\libstdc++.a(eh_exception.o)
 .comment       0x00000000       0x99 C:/Renesas/e2studio/GNURL78v14.03-ELF/rl78-elf/rl78-elf/lib\libstdc++.a(eh_call.o)
 .comment       0x00000000       0x99 C:/Renesas/e2studio/GNURL78v14.03-ELF/rl78-elf/rl78-elf/lib\libstdc++.a(tinfo.o)
 .comment       0x00000000       0x99 C:/Renesas/e2studio/GNURL78v14.03-ELF/rl78-elf/rl78-elf/lib\libstdc++.a(eh_term_handler.o)
 .comment       0x00000000       0x99 C:/Renesas/e2studio/GNURL78v14.03-ELF/rl78-elf/rl78-elf/lib\libstdc++.a(eh_globals.o)
 .comment       0x00000098       0x98 C:/Renesas/e2studio/GNURL78v14.03-ELF/rl78-elf/rl78-elf/lib\libnosys.a(errno.o)
                                 0x99 (size before relaxing)
 .comment       0x00000000       0x99 C:/Renesas/e2studio/GNURL78v14.03-ELF/rl78-elf/rl78-elf/lib\libc.a(lib_a-malloc.o)
 .comment       0x00000000       0x99 C:/Renesas/e2studio/GNURL78v14.03-ELF/rl78-elf/rl78-elf/lib\libc.a(lib_a-mallocr.o)
 .comment       0x00000000       0x99 C:/Renesas/e2studio/GNURL78v14.03-ELF/rl78-elf/rl78-elf/lib\libc.a(lib_a-memset.o)
 .comment       0x00000000       0x99 C:/Renesas/e2studio/GNURL78v14.03-ELF/rl78-elf/rl78-elf/lib\libc.a(lib_a-mlock.o)
 .comment       0x00000000       0x99 C:/Renesas/e2studio/GNURL78v14.03-ELF/rl78-elf/rl78-elf/lib\libc.a(lib_a-sbrkr.o)
 .comment       0x00000000       0x99 C:/Renesas/e2studio/GNURL78v14.03-ELF/rl78-elf/rl78-elf/lib\libc.a(lib_a-strcmp.o)
 .comment       0x00000000       0x99 C:/Renesas/e2studio/GNURL78v14.03-ELF/rl78-elf/rl78-elf/lib\libc.a(lib_a-strlen.o)
 .comment       0x00000000       0x99 C:/Renesas/e2studio/GNURL78v14.03-ELF/rl78-elf/rl78-elf/lib\libc.a(lib_a-freer.o)
 .comment       0x00000000       0x99 C:/Renesas/e2studio/GNURL78v14.03-ELF/rl78-elf/rl78-elf/lib\libc.a(lib_a-impure.o)
 .comment       0x00000000       0x99 C:/Renesas/e2studio/GNURL78v14.03-ELF/rl78-elf/lib/gcc/rl78-elf/4.8-GNURL78_v14.03\libgcc.a(_fixunssfsi.o)
 .comment       0x00000000       0x99 C:/Renesas/e2studio/GNURL78v14.03-ELF/rl78-elf/lib/gcc/rl78-elf/4.8-GNURL78_v14.03\libgcc.a(_addsub_sf.o)
 .comment       0x00000000       0x99 C:/Renesas/e2studio/GNURL78v14.03-ELF/rl78-elf/lib/gcc/rl78-elf/4.8-GNURL78_v14.03\libgcc.a(_div_sf.o)
 .comment       0x00000000       0x99 C:/Renesas/e2studio/GNURL78v14.03-ELF/rl78-elf/lib/gcc/rl78-elf/4.8-GNURL78_v14.03\libgcc.a(_ge_sf.o)
 .comment       0x00000000       0x99 C:/Renesas/e2studio/GNURL78v14.03-ELF/rl78-elf/lib/gcc/rl78-elf/4.8-GNURL78_v14.03\libgcc.a(_sf_to_si.o)
 .comment       0x00000000       0x99 C:/Renesas/e2studio/GNURL78v14.03-ELF/rl78-elf/lib/gcc/rl78-elf/4.8-GNURL78_v14.03\libgcc.a(_thenan_sf.o)
 .comment       0x00000000       0x99 C:/Renesas/e2studio/GNURL78v14.03-ELF/rl78-elf/lib/gcc/rl78-elf/4.8-GNURL78_v14.03\libgcc.a(_usi_to_sf.o)
 .comment       0x00000000       0x99 C:/Renesas/e2studio/GNURL78v14.03-ELF/rl78-elf/lib/gcc/rl78-elf/4.8-GNURL78_v14.03\libgcc.a(unwind-sjlj.o)
 .comment       0x00000000       0x99 C:/Renesas/e2studio/GNURL78v14.03-ELF/rl78-elf/lib/gcc/rl78-elf/4.8-GNURL78_v14.03\libgcc.a(_clzsi2.o)
 .comment       0x00000000       0x99 C:/Renesas/e2studio/GNURL78v14.03-ELF/rl78-elf/lib/gcc/rl78-elf/4.8-GNURL78_v14.03\libgcc.a(_pack_sf.o)
 .comment       0x00000000       0x99 C:/Renesas/e2studio/GNURL78v14.03-ELF/rl78-elf/lib/gcc/rl78-elf/4.8-GNURL78_v14.03\libgcc.a(_unpack_sf.o)
 .comment       0x00000000       0x99 C:/Renesas/e2studio/GNURL78v14.03-ELF/rl78-elf/lib/gcc/rl78-elf/4.8-GNURL78_v14.03\libgcc.a(_fpcmp_parts_sf.o)
 .comment       0x00000000       0x99 C:/Renesas/e2studio/GNURL78v14.03-ELF/rl78-elf/lib/gcc/rl78-elf/4.8-GNURL78_v14.03\libgcc.a(_clz.o)
 .comment       0x00000000       0x99 C:/Renesas/e2studio/GNURL78v14.03-ELF/rl78-elf/rl78-elf/lib\libnosys.a(sbrk.o)

.debug
 *(.debug)

.line
 *(.line)

.debug_srcinfo
 *(.debug_srcinfo)

.debug_sfnames
 *(.debug_sfnames)

.debug_aranges  0x00000000     0x1020
 *(.debug_aranges)
 .debug_aranges
                0x00000000       0x40 ./gr_sketch.o
 .debug_aranges
                0x00000040       0xd8 ./gr_common/RLduino78/cores/HardwareSerial.o
 .debug_aranges
                0x00000118       0x60 ./gr_common/RLduino78/cores/IPAddress.o
 .debug_aranges
                0x00000178       0xf0 ./gr_common/RLduino78/cores/Print.o
 .debug_aranges
                0x00000268      0x1d0 ./gr_common/RLduino78/cores/RLduino78_basic.o
 .debug_aranges
                0x00000438       0x30 ./gr_common/RLduino78/cores/RLduino78_main.o
 .debug_aranges
                0x00000468       0xa0 ./gr_common/RLduino78/cores/RLduino78_RTC.o
 .debug_aranges
                0x00000508       0x88 ./gr_common/RLduino78/libraries/Ethernet/Dhcp.o
 .debug_aranges
                0x00000590       0x48 ./gr_common/RLduino78/libraries/Ethernet/Dns.o
 .debug_aranges
                0x000005d8       0x88 ./gr_common/RLduino78/libraries/Ethernet/Ethernet.o
 .debug_aranges
                0x00000660       0x98 ./gr_common/RLduino78/libraries/Ethernet/EthernetClient.o
 .debug_aranges
                0x000006f8       0x50 ./gr_common/RLduino78/libraries/Ethernet/EthernetServer.o
 .debug_aranges
                0x00000748       0xa8 ./gr_common/RLduino78/libraries/Ethernet/EthernetUdp.o
 .debug_aranges
                0x000007f0       0x40 ./gr_common/RLduino78/libraries/Ethernet/Twitter.o
 .debug_aranges
                0x00000830       0xf8 ./gr_common/RLduino78/libraries/Firmata/Firmata.o
 .debug_aranges
                0x00000928       0xa0 ./gr_common/RLduino78/libraries/SD/SD.o
 .debug_aranges
                0x000009c8       0xc8 ./gr_common/RLduino78/libraries/SD/utility/Sd2Card.o
 .debug_aranges
                0x00000a90      0x130 ./gr_common/RLduino78/libraries/SD/utility/SdFile.o
 .debug_aranges
                0x00000bc0       0x60 ./gr_common/RLduino78/libraries/SD/utility/SdVolume.o
 .debug_aranges
                0x00000c20       0x78 ./gr_common/RLduino78/libraries/Servo/Servo.o
 .debug_aranges
                0x00000c98       0xd0 ./gr_common/RLduino78/libraries/Wire/Wire.o
 .debug_aranges
                0x00000d68       0x20 ./gr_common/RLduino78/portable/e2studio/RL78/exception_handler.o
 .debug_aranges
                0x00000d88       0x48 ./gr_common/RLduino78/cores/RLduino78_timer.o
 .debug_aranges